Archive member included to satisfy reference by file (symbol)

app/libapp.a(main.c.obj)      (--whole-archive)
zephyr/libzephyr.a(cbprintf.c.obj)
                              (--whole-archive)
zephyr/libzephyr.a(cbprintf_packaged.c.obj)
                              (--whole-archive)
zephyr/libzephyr.a(crc32c_sw.c.obj)
                              (--whole-archive)
zephyr/libzephyr.a(crc32_sw.c.obj)
                              (--whole-archive)
zephyr/libzephyr.a(crc16_sw.c.obj)
                              (--whole-archive)
zephyr/libzephyr.a(crc8_sw.c.obj)
                              (--whole-archive)
zephyr/libzephyr.a(crc7_sw.c.obj)
                              (--whole-archive)
zephyr/libzephyr.a(dec.c.obj)
                              (--whole-archive)
zephyr/libzephyr.a(fdtable.c.obj)
                              (--whole-archive)
zephyr/libzephyr.a(hex.c.obj)
                              (--whole-archive)
zephyr/libzephyr.a(notify.c.obj)
                              (--whole-archive)
zephyr/libzephyr.a(printk.c.obj)
                              (--whole-archive)
zephyr/libzephyr.a(onoff.c.obj)
                              (--whole-archive)
zephyr/libzephyr.a(rb.c.obj)  (--whole-archive)
zephyr/libzephyr.a(sem.c.obj)
                              (--whole-archive)
zephyr/libzephyr.a(thread_entry.c.obj)
                              (--whole-archive)
zephyr/libzephyr.a(timeutil.c.obj)
                              (--whole-archive)
zephyr/libzephyr.a(heap.c.obj)
                              (--whole-archive)
zephyr/libzephyr.a(heap-validate.c.obj)
                              (--whole-archive)
zephyr/libzephyr.a(bitarray.c.obj)
                              (--whole-archive)
zephyr/libzephyr.a(multi_heap.c.obj)
                              (--whole-archive)
zephyr/libzephyr.a(cbprintf_complete.c.obj)
                              (--whole-archive)
zephyr/libzephyr.a(assert.c.obj)
                              (--whole-archive)
zephyr/libzephyr.a(mpsc_pbuf.c.obj)
                              (--whole-archive)
zephyr/libzephyr.a(reboot.c.obj)
                              (--whole-archive)
zephyr/libzephyr.a(configs.c.obj)
                              (--whole-archive)
zephyr/libzephyr.a(soc_nrf_common.S.obj)
                              (--whole-archive)
zephyr/libzephyr.a(validate_base_addresses.c.obj)
                              (--whole-archive)
zephyr/libzephyr.a(validate_enabled_instances.c.obj)
                              (--whole-archive)
zephyr/libzephyr.a(log_list.c.obj)
                              (--whole-archive)
zephyr/libzephyr.a(log_core.c.obj)
                              (--whole-archive)
zephyr/libzephyr.a(log_mgmt.c.obj)
                              (--whole-archive)
zephyr/libzephyr.a(log_msg.c.obj)
                              (--whole-archive)
zephyr/libzephyr.a(log_output.c.obj)
                              (--whole-archive)
zephyr/libzephyr.a(log_msg2.c.obj)
                              (--whole-archive)
zephyr/libzephyr.a(log_backend_rtt.c.obj)
                              (--whole-archive)
zephyr/libzephyr.a(pm.c.obj)  (--whole-archive)
zephyr/libzephyr.a(policy.c.obj)
                              (--whole-archive)
zephyr/libzephyr.a(state.c.obj)
                              (--whole-archive)
zephyr/libzephyr.a(tracing_none.c.obj)
                              (--whole-archive)
zephyr/arch/common/libarch__common.a(sw_isr_common.c.obj)
                              (--whole-archive)
zephyr/arch/arch/arm/core/aarch32/libarch__arm__core__aarch32.a(cpu_idle.S.obj)
                              (--whole-archive)
zephyr/arch/arch/arm/core/aarch32/libarch__arm__core__aarch32.a(fatal.c.obj)
                              (--whole-archive)
zephyr/arch/arch/arm/core/aarch32/libarch__arm__core__aarch32.a(irq_manage.c.obj)
                              (--whole-archive)
zephyr/arch/arch/arm/core/aarch32/libarch__arm__core__aarch32.a(nmi.c.obj)
                              (--whole-archive)
zephyr/arch/arch/arm/core/aarch32/libarch__arm__core__aarch32.a(nmi_on_reset.S.obj)
                              (--whole-archive)
zephyr/arch/arch/arm/core/aarch32/libarch__arm__core__aarch32.a(prep_c.c.obj)
                              (--whole-archive)
zephyr/arch/arch/arm/core/aarch32/libarch__arm__core__aarch32.a(swap.c.obj)
                              (--whole-archive)
zephyr/arch/arch/arm/core/aarch32/libarch__arm__core__aarch32.a(swap_helper.S.obj)
                              (--whole-archive)
zephyr/arch/arch/arm/core/aarch32/libarch__arm__core__aarch32.a(thread.c.obj)
                              (--whole-archive)
zephyr/arch/arch/arm/core/aarch32/libarch__arm__core__aarch32.a(isr_wrapper.S.obj)
                              (--whole-archive)
zephyr/arch/arch/arm/core/aarch32/cortex_m/libarch__arm__core__aarch32__cortex_m.a(exc_exit.S.obj)
                              (--whole-archive)
[...]
Memory Configuration

Name             Origin             Length             Attributes
FLASH            0x0000000000000000 0x0000000000080000 xr
SRAM             0x0000000020000000 0x0000000000020000 xw
IDT_LIST         0x00000000fffff7ff 0x0000000000000800 xw
*default*        0x0000000000000000 0xffffffffffffffff

Linker script and memory map

LOAD zephyr/CMakeFiles/zephyr_final.dir/misc/empty_file.c.obj
LOAD zephyr/CMakeFiles/zephyr_final.dir/dev_handles.c.obj
LOAD zephyr/CMakeFiles/zephyr_final.dir/isr_tables.c.obj
                0x0000000000000020                _region_min_align = 0x20

.rel.plt        0x0000000000000000        0x0
 *(SORT_BY_ALIGNMENT(.rel.plt))
                [!provide]                        PROVIDE (__rel_iplt_start = .)
 *(SORT_BY_ALIGNMENT(.rel.iplt))
 .rel.iplt      0x0000000000000000        0x0 zephyr/CMakeFiles/zephyr_final.dir/isr_tables.c.obj
                [!provide]                        PROVIDE (__rel_iplt_end = .)

.rela.plt       0x0000000000000000        0x0
 *(SORT_BY_ALIGNMENT(.rela.plt))
                [!provide]                        PROVIDE (__rela_iplt_start = .)
 *(SORT_BY_ALIGNMENT(.rela.iplt))
                [!provide]                        PROVIDE (__rela_iplt_end = .)

.rel.dyn
 *(SORT_BY_ALIGNMENT(.rel.*))

.rela.dyn
 *(SORT_BY_ALIGNMENT(.rela.*))

/DISCARD/
 *(SORT_BY_ALIGNMENT(.plt))
 *(SORT_BY_ALIGNMENT(.iplt))
 *(SORT_BY_ALIGNMENT(.got.plt))
 *(SORT_BY_ALIGNMENT(.igot.plt))
 *(SORT_BY_ALIGNMENT(.got))
 *(SORT_BY_ALIGNMENT(.igot))
 *(SORT_BY_ALIGNMENT(.irq_info*))
 *(SORT_BY_ALIGNMENT(.intList*))
 *(SORT_BY_ALIGNMENT(.note.GNU-stack))
                0x0000000000000000                __rom_region_start = 0x0

rom_start       0x0000000000000000      0x100
                0x0000000000000000                . = 0x0
                0x0000000000000000                . = ALIGN (0x4)
                0x0000000000000000                . = ALIGN (0x80)
                0x0000000000000000                . = ALIGN (0x100)
                0x0000000000000000                _vector_start = .
 *(SORT_BY_ALIGNMENT(.exc_vector_table))
 *(SORT_BY_ALIGNMENT(.exc_vector_table.*))
 .exc_vector_table._vector_table_section
                0x0000000000000000       0x40 zephyr/arch/arch/arm/core/aarch32/cortex_m/libarch__arm__core__aarch32__cortex_m.a(vector_table.S.obj)
                0x0000000000000000                _vector_table
 *(SORT_BY_ALIGNMENT(.gnu.linkonce.irq_vector_table*))
 .gnu.linkonce.irq_vector_table
                0x0000000000000040       0xc0 zephyr/CMakeFiles/zephyr_final.dir/isr_tables.c.obj
                0x0000000000000040                _irq_vector_table
 *(SORT_BY_ALIGNMENT(.vectors))
                0x0000000000000100                _vector_end = .

text            0x0000000000000100     0x63f4
                0x0000000000000100                __text_region_start = .
 *(SORT_BY_ALIGNMENT(.text))
 .text          0x0000000000000100       0x30 c:/ncs/toolchains/v2.0.2/opt/zephyr-sdk/arm-zephyr-eabi/bin/../lib/gcc/arm-zephyr-eabi/10.3.0/thumb/v7e-m/nofp\libgcc.a(_aeabi_uldivmod.o)
                0x0000000000000100                __aeabi_uldivmod
 .text          0x0000000000000130        0x4 c:/ncs/toolchains/v2.0.2/opt/zephyr-sdk/arm-zephyr-eabi/bin/../lib/gcc/arm-zephyr-eabi/10.3.0/thumb/v7e-m/nofp\libgcc.a(_dvmd_tls.o)
                0x0000000000000130                __aeabi_idiv0
                0x0000000000000130                __aeabi_ldiv0
 .text          0x0000000000000134      0x2a6 c:/ncs/toolchains/v2.0.2/opt/zephyr-sdk/arm-zephyr-eabi/bin/../lib/gcc/arm-zephyr-eabi/10.3.0/thumb/v7e-m/nofp\libgcc.a(_udivmoddi4.o)
                0x0000000000000134                __udivmoddi4
 *(SORT_BY_ALIGNMENT(.text.*))
 *fill*         0x00000000000003da        0x2 
 .text.button_pressed
                0x00000000000003dc       0x58 app/libapp.a(main.c.obj)
                0x00000000000003dc                button_pressed
 .text.main     0x0000000000000434       0xbc app/libapp.a(main.c.obj)
                0x0000000000000434                main
 .text.cbprintf_package_copy
                0x00000000000004f0      0x2a0 zephyr/libzephyr.a(cbprintf_packaged.c.obj)
                0x00000000000004f0                cbprintf_package_copy
 .text.char_out
                0x0000000000000790       0x10 zephyr/libzephyr.a(printk.c.obj)
 .text.__printk_hook_install
                0x00000000000007a0        0xc zephyr/libzephyr.a(printk.c.obj)
                0x00000000000007a0                __printk_hook_install
 .text.vprintk  0x00000000000007ac       0x1c zephyr/libzephyr.a(printk.c.obj)
                0x00000000000007ac                vprintk
 .text.vsnprintk
                0x00000000000007c8       0x28 zephyr/libzephyr.a(printk.c.obj)
                0x00000000000007c8                vsnprintk
 .text.process_event
                0x00000000000007f0      0x1c0 zephyr/libzephyr.a(onoff.c.obj)
 .text.cbvprintf
                0x00000000000009b0      0x784 zephyr/libzephyr.a(cbprintf_complete.c.obj)
                0x00000000000009b0                cbvprintf
 .text.enable_logger
                0x0000000000001134       0x5c zephyr/libzephyr.a(log_core.c.obj)
 .text.log_process_thread_timer_expiry_fn
                0x0000000000001190        0xc zephyr/libzephyr.a(log_core.c.obj)
 .text.log_format_func_t_get
                0x000000000000119c        0xc zephyr/libzephyr.a(log_core.c.obj)
                0x000000000000119c                log_format_func_t_get
 .text.log_init
                0x00000000000011a8       0x58 zephyr/libzephyr.a(log_core.c.obj)
                0x00000000000011a8                log_init
 .text.z_log_notify_backend_enabled
                0x0000000000001200       0x1c zephyr/libzephyr.a(log_core.c.obj)
                0x0000000000001200                z_log_notify_backend_enabled
 .text.z_log_dropped
                0x000000000000121c       0x3c zephyr/libzephyr.a(log_core.c.obj)
                0x000000000000121c                z_log_dropped
 .text.z_log_dropped_read_and_clear
                0x0000000000001258       0x20 zephyr/libzephyr.a(log_core.c.obj)
                0x0000000000001258                z_log_dropped_read_and_clear
 .text.dropped_notify
                0x0000000000001278       0x38 zephyr/libzephyr.a(log_core.c.obj)
                0x0000000000001278                dropped_notify
 .text.z_log_msg2_init
                0x00000000000012b0       0x10 zephyr/libzephyr.a(log_core.c.obj)
                0x00000000000012b0                z_log_msg2_init
 .text.log_core_init
                0x00000000000012c0       0x34 zephyr/libzephyr.a(log_core.c.obj)
                0x00000000000012c0                log_core_init
 .text.z_log_msg2_alloc
                0x00000000000012f4       0x10 zephyr/libzephyr.a(log_core.c.obj)
                0x00000000000012f4                z_log_msg2_alloc
 .text.z_log_msg2_claim
                0x0000000000001304        0xc zephyr/libzephyr.a(log_core.c.obj)
                0x0000000000001304                z_log_msg2_claim
 .text.z_log_msg2_free
                0x0000000000001310        0xc zephyr/libzephyr.a(log_core.c.obj)
                0x0000000000001310                z_log_msg2_free
 .text.z_log_msg2_pending
                0x000000000000131c        0xc zephyr/libzephyr.a(log_core.c.obj)
                0x000000000000131c                z_log_msg2_pending
 .text.z_impl_log_process
                0x0000000000001328       0x8c zephyr/libzephyr.a(log_core.c.obj)
                0x0000000000001328                z_impl_log_process
 .text.log_process_thread_func
                0x00000000000013b4       0x48 zephyr/libzephyr.a(log_core.c.obj)
 .text.z_log_msg_post_finalize
                0x00000000000013fc       0x8c zephyr/libzephyr.a(log_core.c.obj)
 .text.z_log_msg2_commit
                0x0000000000001488       0x24 zephyr/libzephyr.a(log_core.c.obj)
                0x0000000000001488                z_log_msg2_commit
 .text.z_impl_log_panic
                0x00000000000014ac       0x48 zephyr/libzephyr.a(log_core.c.obj)
                0x00000000000014ac                z_impl_log_panic
 .text.log_source_name_get
                0x00000000000014f4       0x1c zephyr/libzephyr.a(log_mgmt.c.obj)
                0x00000000000014f4                log_source_name_get
 .text.log_backend_enable
                0x0000000000001510       0x1c zephyr/libzephyr.a(log_mgmt.c.obj)
                0x0000000000001510                log_backend_enable
 .text.print_formatted
                0x000000000000152c       0x24 zephyr/libzephyr.a(log_output.c.obj)
 .text.hexdump_line_print
                0x0000000000001550       0xdc zephyr/libzephyr.a(log_output.c.obj)
 .text.prefix_print
                0x000000000000162c      0x148 zephyr/libzephyr.a(log_output.c.obj)
 .text.postfix_print
                0x0000000000001774       0x3c zephyr/libzephyr.a(log_output.c.obj)
 .text.log_output_msg2_process
                0x00000000000017b0       0xc8 zephyr/libzephyr.a(log_output.c.obj)
                0x00000000000017b0                log_output_msg2_process
 .text.log_output_dropped_process
                0x0000000000001878       0x58 zephyr/libzephyr.a(log_output.c.obj)
                0x0000000000001878                log_output_dropped_process
 .text.log_output_timestamp_freq_set
                0x00000000000018d0       0x30 zephyr/libzephyr.a(log_output.c.obj)
                0x00000000000018d0                log_output_timestamp_freq_set
 .text.log_backend_rtt_init
                0x0000000000001900        0xc zephyr/libzephyr.a(log_backend_rtt.c.obj)
 .text.format_set
                0x000000000000190c        0xc zephyr/libzephyr.a(log_backend_rtt.c.obj)
 .text.panic    0x0000000000001918       0x14 zephyr/libzephyr.a(log_backend_rtt.c.obj)
 .text.dropped  0x000000000000192c        0xc zephyr/libzephyr.a(log_backend_rtt.c.obj)
 .text.process  0x0000000000001938       0x24 zephyr/libzephyr.a(log_backend_rtt.c.obj)
 .text.on_failed_write.part.0
                0x000000000000195c       0x1c zephyr/libzephyr.a(log_backend_rtt.c.obj)
 .text.data_out_block_mode
                0x0000000000001978       0xa0 zephyr/libzephyr.a(log_backend_rtt.c.obj)
 .text.pm_state_notify
                0x0000000000001a18       0x5c zephyr/libzephyr.a(pm.c.obj)
 .text.atomic_clear_bit.constprop.0
                0x0000000000001a74       0x30 zephyr/libzephyr.a(pm.c.obj)
 .text.pm_system_resume
                0x0000000000001aa4       0x7c zephyr/libzephyr.a(pm.c.obj)
                0x0000000000001aa4                pm_system_resume
 .text.pm_system_suspend
                0x0000000000001b20       0xec zephyr/libzephyr.a(pm.c.obj)
                0x0000000000001b20                pm_system_suspend
 .text.pm_policy_state_lock_is_active
                0x0000000000001c0c       0x1c zephyr/libzephyr.a(policy.c.obj)
                0x0000000000001c0c                pm_policy_state_lock_is_active
 .text.pm_policy_next_state
                0x0000000000001c28       0x9c zephyr/libzephyr.a(policy.c.obj)
                0x0000000000001c28                pm_policy_next_state
 .text.pm_state_cpu_get_all
                0x0000000000001cc4       0x10 zephyr/libzephyr.a(state.c.obj)
                0x0000000000001cc4                pm_state_cpu_get_all
 .text.z_arm_cpu_idle_init
                0x0000000000001cd4        0xc zephyr/arch/arch/arm/core/aarch32/libarch__arm__core__aarch32.a(cpu_idle.S.obj)
                0x0000000000001cd4                z_arm_cpu_idle_init
 .text.arch_cpu_idle
                0x0000000000001ce0       0x1c zephyr/arch/arch/arm/core/aarch32/libarch__arm__core__aarch32.a(cpu_idle.S.obj)
                0x0000000000001ce0                arch_cpu_idle
 .text.arch_cpu_atomic_idle
                0x0000000000001cfc       0x14 zephyr/arch/arch/arm/core/aarch32/libarch__arm__core__aarch32.a(cpu_idle.S.obj)
                0x0000000000001cfc                arch_cpu_atomic_idle
 .text.z_arm_fatal_error
                0x0000000000001d10       0xcc zephyr/arch/arch/arm/core/aarch32/libarch__arm__core__aarch32.a(fatal.c.obj)
                0x0000000000001d10                z_arm_fatal_error
 .text.arch_irq_enable
                0x0000000000001ddc       0x20 zephyr/arch/arch/arm/core/aarch32/libarch__arm__core__aarch32.a(irq_manage.c.obj)
                0x0000000000001ddc                arch_irq_enable
 .text.arch_irq_is_enabled
                0x0000000000001dfc       0x1c zephyr/arch/arch/arm/core/aarch32/libarch__arm__core__aarch32.a(irq_manage.c.obj)
                0x0000000000001dfc                arch_irq_is_enabled
 .text.z_arm_irq_priority_set
                0x0000000000001e18       0x30 zephyr/arch/arch/arm/core/aarch32/libarch__arm__core__aarch32.a(irq_manage.c.obj)
                0x0000000000001e18                z_arm_irq_priority_set
 .text.z_SysNmiOnReset
                0x0000000000001e48        0x8 zephyr/arch/arch/arm/core/aarch32/libarch__arm__core__aarch32.a(nmi_on_reset.S.obj)
                0x0000000000001e48                z_SysNmiOnReset
 .text.z_arm_prep_c
                0x0000000000001e50       0x38 zephyr/arch/arch/arm/core/aarch32/libarch__arm__core__aarch32.a(prep_c.c.obj)
                0x0000000000001e50                z_arm_prep_c
 .text.arch_swap
                0x0000000000001e88       0x34 zephyr/arch/arch/arm/core/aarch32/libarch__arm__core__aarch32.a(swap.c.obj)
                0x0000000000001e88                arch_swap
 .text.z_arm_pendsv
                0x0000000000001ebc       0x54 zephyr/arch/arch/arm/core/aarch32/libarch__arm__core__aarch32.a(swap_helper.S.obj)
                0x0000000000001ebc                z_arm_pendsv
 .text.z_arm_svc
                0x0000000000001f10       0x20 zephyr/arch/arch/arm/core/aarch32/libarch__arm__core__aarch32.a(swap_helper.S.obj)
                0x0000000000001f10                z_arm_svc
 .text.arch_new_thread
                0x0000000000001f30       0x38 zephyr/arch/arch/arm/core/aarch32/libarch__arm__core__aarch32.a(thread.c.obj)
                0x0000000000001f30                arch_new_thread
 .text.z_check_thread_stack_fail
                0x0000000000001f68       0x2c zephyr/arch/arch/arm/core/aarch32/libarch__arm__core__aarch32.a(thread.c.obj)
                0x0000000000001f68                z_check_thread_stack_fail
 .text.arch_switch_to_main_thread
                0x0000000000001f94       0x2c zephyr/arch/arch/arm/core/aarch32/libarch__arm__core__aarch32.a(thread.c.obj)
                0x0000000000001f94                arch_switch_to_main_thread
 .text._isr_wrapper
                0x0000000000001fc0       0x40 zephyr/arch/arch/arm/core/aarch32/libarch__arm__core__aarch32.a(isr_wrapper.S.obj)
                0x0000000000001fc0                _isr_wrapper
 .text._HandlerModeExit
                0x0000000000002000       0x1c zephyr/arch/arch/arm/core/aarch32/cortex_m/libarch__arm__core__aarch32__cortex_m.a(exc_exit.S.obj)
                0x0000000000002000                z_arm_int_exit
                0x0000000000002000                z_arm_exc_exit
 .text.bus_fault.constprop.0
                0x000000000000201c      0x130 zephyr/arch/arch/arm/core/aarch32/cortex_m/libarch__arm__core__aarch32__cortex_m.a(fault.c.obj)
 .text.usage_fault.constprop.0
                0x000000000000214c       0xf8 zephyr/arch/arch/arm/core/aarch32/cortex_m/libarch__arm__core__aarch32__cortex_m.a(fault.c.obj)
 .text.mem_manage_fault
                0x0000000000002244      0x170 zephyr/arch/arch/arm/core/aarch32/cortex_m/libarch__arm__core__aarch32__cortex_m.a(fault.c.obj)
 .text.z_arm_fault
                0x00000000000023b4      0x214 zephyr/arch/arch/arm/core/aarch32/cortex_m/libarch__arm__core__aarch32__cortex_m.a(fault.c.obj)
                0x00000000000023b4                z_arm_fault
 .text.z_arm_fault_init
                0x00000000000025c8       0x10 zephyr/arch/arch/arm/core/aarch32/cortex_m/libarch__arm__core__aarch32__cortex_m.a(fault.c.obj)
                0x00000000000025c8                z_arm_fault_init
 .text.__fault  0x00000000000025d8       0x14 zephyr/arch/arch/arm/core/aarch32/cortex_m/libarch__arm__core__aarch32__cortex_m.a(fault_s.S.obj)
                0x00000000000025d8                z_arm_usage_fault
                0x00000000000025d8                z_arm_mpu_fault
                0x00000000000025d8                z_arm_exc_spurious
                0x00000000000025d8                z_arm_debug_monitor
                0x00000000000025d8                z_arm_hard_fault
                0x00000000000025d8                z_arm_bus_fault
 .text.z_arm_interrupt_init
                0x00000000000025ec       0x18 zephyr/arch/arch/arm/core/aarch32/cortex_m/libarch__arm__core__aarch32__cortex_m.a(irq_init.c.obj)
                0x00000000000025ec                z_arm_interrupt_init
 .text._reset_section
                0x0000000000002604       0x54 zephyr/arch/arch/arm/core/aarch32/cortex_m/libarch__arm__core__aarch32__cortex_m.a(reset.S.obj)
                0x0000000000002604                __start
                0x0000000000002604                z_arm_reset
 .text.z_arm_clear_arm_mpu_config
                0x0000000000002658       0x24 zephyr/arch/arch/arm/core/aarch32/cortex_m/libarch__arm__core__aarch32__cortex_m.a(scb.c.obj)
                0x0000000000002658                z_arm_clear_arm_mpu_config
 .text.z_arm_init_arch_hw_at_boot
                0x000000000000267c       0x64 zephyr/arch/arch/arm/core/aarch32/cortex_m/libarch__arm__core__aarch32__cortex_m.a(scb.c.obj)
                0x000000000000267c                z_arm_init_arch_hw_at_boot
 .text.z_impl_k_thread_abort
                0x00000000000026e0       0x2c zephyr/arch/arch/arm/core/aarch32/cortex_m/libarch__arm__core__aarch32__cortex_m.a(thread_abort.c.obj)
                0x00000000000026e0                z_impl_k_thread_abort
 .text.z_arm_configure_static_mpu_regions
                0x000000000000270c       0x18 zephyr/arch/arch/arm/core/aarch32/mpu/libarch__arm__core__aarch32__mpu.a(arm_core_mpu.c.obj)
                0x000000000000270c                z_arm_configure_static_mpu_regions
 .text.z_arm_configure_dynamic_mpu_regions
                0x0000000000002724       0x20 zephyr/arch/arch/arm/core/aarch32/mpu/libarch__arm__core__aarch32__mpu.a(arm_core_mpu.c.obj)
                0x0000000000002724                z_arm_configure_dynamic_mpu_regions
 .text.mpu_configure_regions
                0x0000000000002744       0xc8 zephyr/arch/arch/arm/core/aarch32/mpu/libarch__arm__core__aarch32__mpu.a(arm_mpu.c.obj)
 .text.arm_core_mpu_enable
                0x000000000000280c       0x18 zephyr/arch/arch/arm/core/aarch32/mpu/libarch__arm__core__aarch32__mpu.a(arm_mpu.c.obj)
                0x000000000000280c                arm_core_mpu_enable
 .text.arm_core_mpu_disable
                0x0000000000002824       0x14 zephyr/arch/arch/arm/core/aarch32/mpu/libarch__arm__core__aarch32__mpu.a(arm_mpu.c.obj)
                0x0000000000002824                arm_core_mpu_disable
 .text.arm_core_mpu_configure_static_mpu_regions
                0x0000000000002838       0x14 zephyr/arch/arch/arm/core/aarch32/mpu/libarch__arm__core__aarch32__mpu.a(arm_mpu.c.obj)
                0x0000000000002838                arm_core_mpu_configure_static_mpu_regions
 .text.arm_core_mpu_configure_dynamic_mpu_regions
                0x000000000000284c       0x30 zephyr/arch/arch/arm/core/aarch32/mpu/libarch__arm__core__aarch32__mpu.a(arm_mpu.c.obj)
                0x000000000000284c                arm_core_mpu_configure_dynamic_mpu_regions
 .text.z_arm_mpu_init
                0x000000000000287c       0x60 zephyr/arch/arch/arm/core/aarch32/mpu/libarch__arm__core__aarch32__mpu.a(arm_mpu.c.obj)
                0x000000000000287c                z_arm_mpu_init
 .text.__stdout_hook_install
                0x00000000000028dc        0xc zephyr/lib/libc/minimal/liblib__libc__minimal.a(stdout_console.c.obj)
                0x00000000000028dc                __stdout_hook_install
 .text.nordicsemi_nrf52_init
                0x00000000000028e8       0x28 zephyr/soc/arm/nordic_nrf/nrf52/libsoc__arm__nordic_nrf__nrf52.a(soc.c.obj)
 .text.sys_arch_reboot
                0x0000000000002910       0x2c zephyr/soc/arm/nordic_nrf/nrf52/libsoc__arm__nordic_nrf__nrf52.a(soc.c.obj)
                0x0000000000002910                sys_arch_reboot
 .text.arch_busy_wait
                0x000000000000293c       0x14 zephyr/soc/arm/nordic_nrf/nrf52/libsoc__arm__nordic_nrf__nrf52.a(soc.c.obj)
                0x000000000000293c                arch_busy_wait
 .text.onoff_stop
                0x0000000000002950       0x30 zephyr/drivers/clock_control/libdrivers__clock_control.a(clock_control_nrf.c.obj)
 .text.onoff_start
                0x0000000000002980       0x44 zephyr/drivers/clock_control/libdrivers__clock_control.a(clock_control_nrf.c.obj)
 .text.clk_init
                0x00000000000029c4       0x58 zephyr/drivers/clock_control/libdrivers__clock_control.a(clock_control_nrf.c.obj)
 .text.clkstarted_handle.constprop.0
                0x0000000000002a1c       0x34 zephyr/drivers/clock_control/libdrivers__clock_control.a(clock_control_nrf.c.obj)
 .text.clock_event_handler
                0x0000000000002a50       0x1c zephyr/drivers/clock_control/libdrivers__clock_control.a(clock_control_nrf.c.obj)
 .text.generic_hfclk_start
                0x0000000000002a6c       0x64 zephyr/drivers/clock_control/libdrivers__clock_control.a(clock_control_nrf.c.obj)
 .text.api_blocking_start
                0x0000000000002ad0       0x34 zephyr/drivers/clock_control/libdrivers__clock_control.a(clock_control_nrf.c.obj)
 .text.generic_hfclk_stop
                0x0000000000002b04       0x2c zephyr/drivers/clock_control/libdrivers__clock_control.a(clock_control_nrf.c.obj)
 .text.z_nrf_clock_control_lf_on
                0x0000000000002b30      0x100 zephyr/drivers/clock_control/libdrivers__clock_control.a(clock_control_nrf.c.obj)
                0x0000000000002b30                z_nrf_clock_control_lf_on
 .text.uart_console_init
                0x0000000000002c30       0x30 zephyr/drivers/console/libdrivers__console.a(uart_console.c.obj)
 .text.console_out
                0x0000000000002c60       0x28 zephyr/drivers/console/libdrivers__console.a(uart_console.c.obj)
 .text.gpio_nrfx_pin_interrupt_configure
                0x0000000000002c88       0xd4 zephyr/drivers/gpio/libdrivers__gpio.a(gpio_nrfx.c.obj)
 .text.gpio_nrfx_init
                0x0000000000002d5c       0x38 zephyr/drivers/gpio/libdrivers__gpio.a(gpio_nrfx.c.obj)
 .text.nrfx_gpio_handler
                0x0000000000002d94       0x44 zephyr/drivers/gpio/libdrivers__gpio.a(gpio_nrfx.c.obj)
 .text.gpio_nrfx_pin_configure
                0x0000000000002dd8      0x158 zephyr/drivers/gpio/libdrivers__gpio.a(gpio_nrfx.c.obj)
 .text.uarte_nrfx_configure
                0x0000000000002f30      0x17c zephyr/drivers/serial/libdrivers__serial.a(uart_nrfx_uarte.c.obj)
 .text.uarte_instance_init.constprop.0
                0x00000000000030ac      0x10c zephyr/drivers/serial/libdrivers__serial.a(uart_nrfx_uarte.c.obj)
 .text.uarte_nrfx_poll_out
                0x00000000000031b8       0xc4 zephyr/drivers/serial/libdrivers__serial.a(uart_nrfx_uarte.c.obj)
 .text.compare_int_lock
                0x000000000000327c       0x50 zephyr/drivers/timer/libdrivers__timer.a(nrf_rtc_timer.c.obj)
 .text.sys_clock_timeout_handler
                0x00000000000032cc       0x78 zephyr/drivers/timer/libdrivers__timer.a(nrf_rtc_timer.c.obj)
 .text.compare_int_unlock
                0x0000000000003344       0x5c zephyr/drivers/timer/libdrivers__timer.a(nrf_rtc_timer.c.obj)
 .text.z_nrf_rtc_timer_read
                0x00000000000033a0       0x44 zephyr/drivers/timer/libdrivers__timer.a(nrf_rtc_timer.c.obj)
                0x00000000000033a0                z_nrf_rtc_timer_read
 .text.compare_set
                0x00000000000033e4      0x148 zephyr/drivers/timer/libdrivers__timer.a(nrf_rtc_timer.c.obj)
 .text.sys_clock_driver_init
                0x000000000000352c       0x80 zephyr/drivers/timer/libdrivers__timer.a(nrf_rtc_timer.c.obj)
 .text.rtc_nrf_isr
                0x00000000000035ac       0xec zephyr/drivers/timer/libdrivers__timer.a(nrf_rtc_timer.c.obj)
                0x00000000000035ac                rtc_nrf_isr
 .text.sys_clock_set_timeout
                0x0000000000003698       0x64 zephyr/drivers/timer/libdrivers__timer.a(nrf_rtc_timer.c.obj)
                0x0000000000003698                sys_clock_set_timeout
 .text.sys_clock_elapsed
                0x00000000000036fc       0x14 zephyr/drivers/timer/libdrivers__timer.a(nrf_rtc_timer.c.obj)
                0x00000000000036fc                sys_clock_elapsed
 .text.nrf_pin_configure.constprop.0
                0x0000000000003710       0x44 zephyr/drivers/pinctrl/libdrivers__pinctrl.a(pinctrl_nrf.c.obj)
 .text.nrf_gpio_pin_set
                0x0000000000003754       0x20 zephyr/drivers/pinctrl/libdrivers__pinctrl.a(pinctrl_nrf.c.obj)
 .text.k_sys_fatal_error_handler
                0x0000000000003774       0x2c modules/nrf/lib/fatal_error/lib..__nrf__lib__fatal_error.a(fatal_error.c.obj)
                0x0000000000003774                k_sys_fatal_error_handler
 .text.nvmc_wait
                0x00000000000037a0       0x10 modules/hal_nordic/nrfx/libmodules__hal_nordic__nrfx.a(system_nrf52833.c.obj)
                0x00000000000037a0                nvmc_wait
 .text.SystemInit
                0x00000000000037b0      0x15c modules/hal_nordic/nrfx/libmodules__hal_nordic__nrfx.a(system_nrf52833.c.obj)
                0x00000000000037b0                SystemInit
 .text.nrfx_flag32_alloc
                0x000000000000390c       0x4c modules/hal_nordic/nrfx/libmodules__hal_nordic__nrfx.a(nrfx_flag32_allocator.c.obj)
                0x000000000000390c                nrfx_flag32_alloc
 .text.nrfx_flag32_free
                0x0000000000003958       0x44 modules/hal_nordic/nrfx/libmodules__hal_nordic__nrfx.a(nrfx_flag32_allocator.c.obj)
                0x0000000000003958                nrfx_flag32_free
 .text.nrfx_clock_init
                0x000000000000399c       0x20 modules/hal_nordic/nrfx/libmodules__hal_nordic__nrfx.a(nrfx_clock.c.obj)
                0x000000000000399c                nrfx_clock_init
 .text.nrfx_power_clock_irq_handler
                0x00000000000039bc       0x64 modules/hal_nordic/nrfx/libmodules__hal_nordic__nrfx.a(nrfx_clock.c.obj)
                0x00000000000039bc                nrfx_power_clock_irq_handler
 .text.nrf_gpio_pin_port_decode
                0x0000000000003a20       0x1c modules/hal_nordic/nrfx/libmodules__hal_nordic__nrfx.a(nrfx_gpiote.c.obj)
 .text.pin_in_use_by_te
                0x0000000000003a3c       0x14 modules/hal_nordic/nrfx/libmodules__hal_nordic__nrfx.a(nrfx_gpiote.c.obj)
 .text.call_handler
                0x0000000000003a50       0x3c modules/hal_nordic/nrfx/libmodules__hal_nordic__nrfx.a(nrfx_gpiote.c.obj)
 .text.release_handler
                0x0000000000003a8c       0x54 modules/hal_nordic/nrfx/libmodules__hal_nordic__nrfx.a(nrfx_gpiote.c.obj)
 .text.pin_handler_trigger_uninit
                0x0000000000003ae0       0x38 modules/hal_nordic/nrfx/libmodules__hal_nordic__nrfx.a(nrfx_gpiote.c.obj)
 .text.nrfx_gpiote_input_configure
                0x0000000000003b18      0x15c modules/hal_nordic/nrfx/libmodules__hal_nordic__nrfx.a(nrfx_gpiote.c.obj)
                0x0000000000003b18                nrfx_gpiote_input_configure
 .text.nrfx_gpiote_output_configure
                0x0000000000003c74       0xe4 modules/hal_nordic/nrfx/libmodules__hal_nordic__nrfx.a(nrfx_gpiote.c.obj)
                0x0000000000003c74                nrfx_gpiote_output_configure
 .text.nrfx_gpiote_global_callback_set
                0x0000000000003d58        0xc modules/hal_nordic/nrfx/libmodules__hal_nordic__nrfx.a(nrfx_gpiote.c.obj)
                0x0000000000003d58                nrfx_gpiote_global_callback_set
 .text.nrfx_gpiote_channel_get
                0x0000000000003d64       0x2c modules/hal_nordic/nrfx/libmodules__hal_nordic__nrfx.a(nrfx_gpiote.c.obj)
                0x0000000000003d64                nrfx_gpiote_channel_get
 .text.nrfx_gpiote_init
                0x0000000000003d90       0x50 modules/hal_nordic/nrfx/libmodules__hal_nordic__nrfx.a(nrfx_gpiote.c.obj)
                0x0000000000003d90                nrfx_gpiote_init
 .text.nrfx_gpiote_is_init
                0x0000000000003de0       0x14 modules/hal_nordic/nrfx/libmodules__hal_nordic__nrfx.a(nrfx_gpiote.c.obj)
                0x0000000000003de0                nrfx_gpiote_is_init
 .text.nrfx_gpiote_channel_free
                0x0000000000003df4        0xc modules/hal_nordic/nrfx/libmodules__hal_nordic__nrfx.a(nrfx_gpiote.c.obj)
                0x0000000000003df4                nrfx_gpiote_channel_free
 .text.nrfx_gpiote_channel_alloc
                0x0000000000003e00        0xc modules/hal_nordic/nrfx/libmodules__hal_nordic__nrfx.a(nrfx_gpiote.c.obj)
                0x0000000000003e00                nrfx_gpiote_channel_alloc
 .text.nrfx_gpiote_trigger_enable
                0x0000000000003e0c       0x90 modules/hal_nordic/nrfx/libmodules__hal_nordic__nrfx.a(nrfx_gpiote.c.obj)
                0x0000000000003e0c                nrfx_gpiote_trigger_enable
 .text.nrfx_gpiote_trigger_disable
                0x0000000000003e9c       0x50 modules/hal_nordic/nrfx/libmodules__hal_nordic__nrfx.a(nrfx_gpiote.c.obj)
                0x0000000000003e9c                nrfx_gpiote_trigger_disable
 .text.nrfx_gpiote_pin_uninit
                0x0000000000003eec       0x48 modules/hal_nordic/nrfx/libmodules__hal_nordic__nrfx.a(nrfx_gpiote.c.obj)
                0x0000000000003eec                nrfx_gpiote_pin_uninit
 .text.nrfx_gpiote_irq_handler
                0x0000000000003f34      0x1ac modules/hal_nordic/nrfx/libmodules__hal_nordic__nrfx.a(nrfx_gpiote.c.obj)
                0x0000000000003f34                nrfx_gpiote_irq_handler
 .text.nrfx_ppi_channel_alloc
                0x00000000000040e0        0xc modules/hal_nordic/nrfx/libmodules__hal_nordic__nrfx.a(nrfx_ppi.c.obj)
                0x00000000000040e0                nrfx_ppi_channel_alloc
 .text._DoInit  0x00000000000040ec       0x60 modules/segger/libmodules__segger.a(SEGGER_RTT.c.obj)
 .text.SEGGER_RTT_WriteSkipNoLock
                0x000000000000414c       0x98 modules/segger/libmodules__segger.a(SEGGER_RTT.c.obj)
                0x000000000000414c                SEGGER_RTT_WriteSkipNoLock
 .text.SEGGER_RTT_HasDataUp
                0x00000000000041e4       0x14 modules/segger/libmodules__segger.a(SEGGER_RTT.c.obj)
                0x00000000000041e4                SEGGER_RTT_HasDataUp
 .text.z_sys_init_run_level
                0x00000000000041f8       0x40 zephyr/kernel/libkernel.a(device.c.obj)
                0x00000000000041f8                z_sys_init_run_level
 .text.z_fatal_error
                0x0000000000004238       0xfc zephyr/kernel/libkernel.a(fatal.c.obj)
                0x0000000000004238                z_fatal_error
 .text.bg_thread_main
                0x0000000000004334       0x34 zephyr/kernel/libkernel.a(init.c.obj)
 .text.z_bss_zero
                0x0000000000004368       0x18 zephyr/kernel/libkernel.a(init.c.obj)
                0x0000000000004368                z_bss_zero
 .text.z_init_cpu
                0x0000000000004380       0x70 zephyr/kernel/libkernel.a(init.c.obj)
                0x0000000000004380                z_init_cpu
 .text.z_cstart
                0x00000000000043f0       0xd8 zephyr/kernel/libkernel.a(init.c.obj)
                0x00000000000043f0                z_cstart
 .text.init_mem_slab_module
                0x00000000000044c8       0x44 zephyr/kernel/libkernel.a(mem_slab.c.obj)
 .text.z_setup_new_thread
                0x000000000000450c       0x64 zephyr/kernel/libkernel.a(thread.c.obj)
                0x000000000000450c                z_setup_new_thread
 .text.z_impl_k_thread_create
                0x0000000000004570       0x58 zephyr/kernel/libkernel.a(thread.c.obj)
                0x0000000000004570                z_impl_k_thread_create
 .text.z_init_static_threads
                0x00000000000045c8       0xb8 zephyr/kernel/libkernel.a(thread.c.obj)
                0x00000000000045c8                z_init_static_threads
 .text.idle     0x0000000000004680       0x38 zephyr/kernel/libkernel.a(idle.c.obj)
                0x0000000000004680                idle
 .text.z_impl_k_mutex_lock
                0x00000000000046b8       0xf0 zephyr/kernel/libkernel.a(mutex.c.obj)
                0x00000000000046b8                z_impl_k_mutex_lock
 .text.z_impl_k_mutex_unlock
                0x00000000000047a8       0x84 zephyr/kernel/libkernel.a(mutex.c.obj)
                0x00000000000047a8                z_impl_k_mutex_unlock
 .text.z_impl_k_sem_give
                0x000000000000482c       0x40 zephyr/kernel/libkernel.a(sem.c.obj)
                0x000000000000482c                z_impl_k_sem_give
 .text.z_impl_k_sem_take
                0x000000000000486c       0x50 zephyr/kernel/libkernel.a(sem.c.obj)
                0x000000000000486c                z_impl_k_sem_take
 .text.z_reset_time_slice
                0x00000000000048bc       0x28 zephyr/kernel/libkernel.a(sched.c.obj)
                0x00000000000048bc                z_reset_time_slice
 .text.k_sched_time_slice_set
                0x00000000000048e4       0x64 zephyr/kernel/libkernel.a(sched.c.obj)
                0x00000000000048e4                k_sched_time_slice_set
 .text.z_reschedule
                0x0000000000004948       0x24 zephyr/kernel/libkernel.a(sched.c.obj)
                0x0000000000004948                z_reschedule
 .text.k_sched_lock
                0x000000000000496c       0x28 zephyr/kernel/libkernel.a(sched.c.obj)
                0x000000000000496c                k_sched_lock
 .text.update_cache
                0x0000000000004994       0x40 zephyr/kernel/libkernel.a(sched.c.obj)
 .text.move_thread_to_end_of_prio_q
                0x00000000000049d4       0x74 zephyr/kernel/libkernel.a(sched.c.obj)
 .text.z_time_slice
                0x0000000000004a48       0x84 zephyr/kernel/libkernel.a(sched.c.obj)
                0x0000000000004a48                z_time_slice
 .text.ready_thread
                0x0000000000004acc       0x6c zephyr/kernel/libkernel.a(sched.c.obj)
 .text.z_sched_start
                0x0000000000004b38       0x3c zephyr/kernel/libkernel.a(sched.c.obj)
                0x0000000000004b38                z_sched_start
 .text.unready_thread
                0x0000000000004b74       0x30 zephyr/kernel/libkernel.a(sched.c.obj)
 .text.pend     0x0000000000004ba4       0x4c zephyr/kernel/libkernel.a(sched.c.obj)
 .text.z_pend_curr
                0x0000000000004bf0       0x28 zephyr/kernel/libkernel.a(sched.c.obj)
                0x0000000000004bf0                z_pend_curr
 .text.z_set_prio
                0x0000000000004c18       0x90 zephyr/kernel/libkernel.a(sched.c.obj)
                0x0000000000004c18                z_set_prio
 .text.z_impl_k_thread_suspend
                0x0000000000004ca8       0x64 zephyr/kernel/libkernel.a(sched.c.obj)
                0x0000000000004ca8                z_impl_k_thread_suspend
 .text.k_sched_unlock
                0x0000000000004d0c       0x38 zephyr/kernel/libkernel.a(sched.c.obj)
                0x0000000000004d0c                k_sched_unlock
 .text.z_sched_init
                0x0000000000004d44       0x18 zephyr/kernel/libkernel.a(sched.c.obj)
                0x0000000000004d44                z_sched_init
 .text.z_impl_k_yield
                0x0000000000004d5c       0x80 zephyr/kernel/libkernel.a(sched.c.obj)
                0x0000000000004d5c                z_impl_k_yield
 .text.z_tick_sleep
                0x0000000000004ddc       0x90 zephyr/kernel/libkernel.a(sched.c.obj)
 .text.z_impl_k_sleep
                0x0000000000004e6c       0x34 zephyr/kernel/libkernel.a(sched.c.obj)
                0x0000000000004e6c                z_impl_k_sleep
 .text.z_impl_z_current_get
                0x0000000000004ea0        0xc zephyr/kernel/libkernel.a(sched.c.obj)
                0x0000000000004ea0                z_impl_z_current_get
 .text.z_thread_abort
                0x0000000000004eac       0xa4 zephyr/kernel/libkernel.a(sched.c.obj)
                0x0000000000004eac                z_thread_abort
 .text.z_data_copy
                0x0000000000004f50       0x34 zephyr/kernel/libkernel.a(xip.c.obj)
                0x0000000000004f50                z_data_copy
 .text.elapsed  0x0000000000004f84       0x14 zephyr/kernel/libkernel.a(timeout.c.obj)
 .text.next_timeout
                0x0000000000004f98       0x4c zephyr/kernel/libkernel.a(timeout.c.obj)
 .text.remove_timeout
                0x0000000000004fe4       0x34 zephyr/kernel/libkernel.a(timeout.c.obj)
 .text.z_add_timeout
                0x0000000000005018       0xf4 zephyr/kernel/libkernel.a(timeout.c.obj)
                0x0000000000005018                z_add_timeout
 .text.sys_clock_announce
                0x000000000000510c       0xb8 zephyr/kernel/libkernel.a(timeout.c.obj)
                0x000000000000510c                sys_clock_announce
 .text.sys_clock_tick_get
                0x00000000000051c4       0x30 zephyr/kernel/libkernel.a(timeout.c.obj)
                0x00000000000051c4                sys_clock_tick_get
 .text.z_timer_expiration_handler
                0x00000000000051f4       0x8c zephyr/kernel/libkernel.a(timer.c.obj)
                0x00000000000051f4                z_timer_expiration_handler
 .text.z_impl_k_timer_start
                0x0000000000005280       0xa4 zephyr/kernel/libkernel.a(timer.c.obj)
                0x0000000000005280                z_impl_k_timer_start
 .text.boot_banner
                0x0000000000005324       0x18 zephyr/kernel/libkernel.a(banner.c.obj)
                0x0000000000005324                boot_banner
 .text.gpio_pin_configure_dt
                0x000000000000533c       0x3e app/libapp.a(main.c.obj)
 .text.cbpprintf_external
                0x000000000000537a       0x5a zephyr/libzephyr.a(cbprintf_packaged.c.obj)
                0x000000000000537a                cbpprintf_external
 .text.sys_notify_validate
                0x00000000000053d4       0x22 zephyr/libzephyr.a(notify.c.obj)
                0x00000000000053d4                sys_notify_validate
 .text.sys_notify_finalize
                0x00000000000053f6       0x1a zephyr/libzephyr.a(notify.c.obj)
                0x00000000000053f6                sys_notify_finalize
 .text.arch_printk_char_out
                0x0000000000005410        0x4 zephyr/libzephyr.a(printk.c.obj)
                0x0000000000005410                arch_printk_char_out
 .text.str_out  0x0000000000005414       0x26 zephyr/libzephyr.a(printk.c.obj)
 .text.printk   0x000000000000543a       0x1a zephyr/libzephyr.a(printk.c.obj)
                0x000000000000543a                printk
 .text.snprintk
                0x0000000000005454       0x1a zephyr/libzephyr.a(printk.c.obj)
                0x0000000000005454                snprintk
 .text.process_recheck
                0x000000000000546e       0x38 zephyr/libzephyr.a(onoff.c.obj)
 .text.notify_one
                0x00000000000054a6       0x2c zephyr/libzephyr.a(onoff.c.obj)
 .text.transition_complete
                0x00000000000054d2       0x1c zephyr/libzephyr.a(onoff.c.obj)
 .text.validate_args
                0x00000000000054ee       0x1e zephyr/libzephyr.a(onoff.c.obj)
 .text.onoff_manager_init
                0x000000000000550c       0x26 zephyr/libzephyr.a(onoff.c.obj)
                0x000000000000550c                onoff_manager_init
 .text.onoff_request
                0x0000000000005532       0x92 zephyr/libzephyr.a(onoff.c.obj)
                0x0000000000005532                onoff_request
 .text.z_thread_entry
                0x00000000000055c4       0x14 zephyr/libzephyr.a(thread_entry.c.obj)
                0x00000000000055c4                z_thread_entry
 .text.encode_uint
                0x00000000000055d8       0x8c zephyr/libzephyr.a(cbprintf_complete.c.obj)
 .text.outs     0x0000000000005664       0x2c zephyr/libzephyr.a(cbprintf_complete.c.obj)
 .text.free_space
                0x0000000000005690       0x2a zephyr/libzephyr.a(mpsc_pbuf.c.obj)
 .text.get_usage
                0x00000000000056ba       0x22 zephyr/libzephyr.a(mpsc_pbuf.c.obj)
 .text.idx_inc  0x00000000000056dc       0x1c zephyr/libzephyr.a(mpsc_pbuf.c.obj)
 .text.add_skip_item
                0x00000000000056f8       0x2c zephyr/libzephyr.a(mpsc_pbuf.c.obj)
 .text.max_utilization_update
                0x0000000000005724       0x22 zephyr/libzephyr.a(mpsc_pbuf.c.obj)
 .text.drop_item_locked
                0x0000000000005746       0xb4 zephyr/libzephyr.a(mpsc_pbuf.c.obj)
 .text.mpsc_pbuf_init
                0x00000000000057fa       0x42 zephyr/libzephyr.a(mpsc_pbuf.c.obj)
                0x00000000000057fa                mpsc_pbuf_init
 .text.mpsc_pbuf_alloc
                0x000000000000583c       0xec zephyr/libzephyr.a(mpsc_pbuf.c.obj)
                0x000000000000583c                mpsc_pbuf_alloc
 .text.mpsc_pbuf_commit
                0x0000000000005928       0x40 zephyr/libzephyr.a(mpsc_pbuf.c.obj)
                0x0000000000005928                mpsc_pbuf_commit
 .text.mpsc_pbuf_claim
                0x0000000000005968       0x98 zephyr/libzephyr.a(mpsc_pbuf.c.obj)
                0x0000000000005968                mpsc_pbuf_claim
 .text.mpsc_pbuf_free
                0x0000000000005a00       0x68 zephyr/libzephyr.a(mpsc_pbuf.c.obj)
                0x0000000000005a00                mpsc_pbuf_free
 .text.mpsc_pbuf_is_pending
                0x0000000000005a68       0x16 zephyr/libzephyr.a(mpsc_pbuf.c.obj)
                0x0000000000005a68                mpsc_pbuf_is_pending
 .text._ConfigAbsSyms
                0x0000000000005a7e        0x2 zephyr/libzephyr.a(configs.c.obj)
                0x0000000000005a7e                _ConfigAbsSyms
 .text.log_msg2_generic_get_wlen
                0x0000000000005a80       0x22 zephyr/libzephyr.a(log_core.c.obj)
 .text.default_get_timestamp
                0x0000000000005aa2        0x4 zephyr/libzephyr.a(log_core.c.obj)
 .text.dummy_timestamp
                0x0000000000005aa6        0x4 zephyr/libzephyr.a(log_core.c.obj)
 .text.notify_drop
                0x0000000000005aaa        0x6 zephyr/libzephyr.a(log_core.c.obj)
 .text.get_msg  0x0000000000005ab0        0x8 zephyr/libzephyr.a(log_core.c.obj)
                0x0000000000005ab0                get_msg
 .text.z_log_get_tag
                0x0000000000005ab8        0x4 zephyr/libzephyr.a(log_core.c.obj)
                0x0000000000005ab8                z_log_get_tag
 .text.buffer_write
                0x0000000000005abc       0x1a zephyr/libzephyr.a(log_output.c.obj)
 .text.log_output_flush
                0x0000000000005ad6       0x1a zephyr/libzephyr.a(log_output.c.obj)
                0x0000000000005ad6                log_output_flush
 .text.out_func
                0x0000000000005af0       0x36 zephyr/libzephyr.a(log_output.c.obj)
 .text.cr_out_func
                0x0000000000005b26       0x1a zephyr/libzephyr.a(log_output.c.obj)
 .text.z_log_msg2_finalize
                0x0000000000005b40       0x36 zephyr/libzephyr.a(log_msg2.c.obj)
                0x0000000000005b40                z_log_msg2_finalize
 .text.z_impl_z_log_msg2_static_create
                0x0000000000005b76       0x8a zephyr/libzephyr.a(log_msg2.c.obj)
                0x0000000000005b76                z_impl_z_log_msg2_static_create
 .text.z_do_kernel_oops
                0x0000000000005c00        0x8 zephyr/arch/arch/arm/core/aarch32/libarch__arm__core__aarch32.a(fatal.c.obj)
                0x0000000000005c00                z_do_kernel_oops
 .text.z_irq_spurious
                0x0000000000005c08        0x8 zephyr/arch/arch/arm/core/aarch32/libarch__arm__core__aarch32.a(irq_manage.c.obj)
                0x0000000000005c08                z_irq_spurious
 .text.z_arm_nmi
                0x0000000000005c10        0xe zephyr/arch/arch/arm/core/aarch32/libarch__arm__core__aarch32.a(nmi.c.obj)
                0x0000000000005c10                z_arm_nmi
 .text.z_log_msg2_static_create.constprop.0
                0x0000000000005c1e        0x6 zephyr/arch/arch/arm/core/aarch32/cortex_m/libarch__arm__core__aarch32__cortex_m.a(fault.c.obj)
 .text.strcpy   0x0000000000005c24       0x14 zephyr/lib/libc/minimal/liblib__libc__minimal.a(string.c.obj)
                0x0000000000005c24                strcpy
 .text.strlen   0x0000000000005c38        0xe zephyr/lib/libc/minimal/liblib__libc__minimal.a(string.c.obj)
                0x0000000000005c38                strlen
 .text.strnlen  0x0000000000005c46       0x12 zephyr/lib/libc/minimal/liblib__libc__minimal.a(string.c.obj)
                0x0000000000005c46                strnlen
 .text.memcpy   0x0000000000005c58       0x16 zephyr/lib/libc/minimal/liblib__libc__minimal.a(string.c.obj)
                0x0000000000005c58                memcpy
 .text.memset   0x0000000000005c6e       0x12 zephyr/lib/libc/minimal/liblib__libc__minimal.a(string.c.obj)
                0x0000000000005c6e                memset
 .text._stdout_hook_default
                0x0000000000005c80        0x6 zephyr/lib/libc/minimal/liblib__libc__minimal.a(stdout_console.c.obj)
 .text.pm_state_set
                0x0000000000005c86       0x18 zephyr/soc/arm/nordic_nrf/nrf52/libsoc__arm__nordic_nrf__nrf52.a(power.c.obj)
                0x0000000000005c86                pm_state_set
 .text.pm_state_exit_post_ops
                0x0000000000005c9e        0xc zephyr/soc/arm/nordic_nrf/nrf52/libsoc__arm__nordic_nrf__nrf52.a(power.c.obj)
                0x0000000000005c9e                pm_state_exit_post_ops
 .text.get_status
                0x0000000000005caa       0x12 zephyr/drivers/clock_control/libdrivers__clock_control.a(clock_control_nrf.c.obj)
 .text.set_on_state
                0x0000000000005cbc       0x26 zephyr/drivers/clock_control/libdrivers__clock_control.a(clock_control_nrf.c.obj)
 .text.stop     0x0000000000005ce2       0x54 zephyr/drivers/clock_control/libdrivers__clock_control.a(clock_control_nrf.c.obj)
 .text.api_stop
                0x0000000000005d36        0x6 zephyr/drivers/clock_control/libdrivers__clock_control.a(clock_control_nrf.c.obj)
 .text.async_start
                0x0000000000005d3c       0x60 zephyr/drivers/clock_control/libdrivers__clock_control.a(clock_control_nrf.c.obj)
 .text.api_start
                0x0000000000005d9c        0xe zephyr/drivers/clock_control/libdrivers__clock_control.a(clock_control_nrf.c.obj)
 .text.onoff_started_callback
                0x0000000000005daa       0x12 zephyr/drivers/clock_control/libdrivers__clock_control.a(clock_control_nrf.c.obj)
 .text.lfclk_start
                0x0000000000005dbc        0x6 zephyr/drivers/clock_control/libdrivers__clock_control.a(clock_control_nrf.c.obj)
 .text.lfclk_stop
                0x0000000000005dc2        0x6 zephyr/drivers/clock_control/libdrivers__clock_control.a(clock_control_nrf.c.obj)
 .text.blocking_start_callback
                0x0000000000005dc8        0x6 zephyr/drivers/clock_control/libdrivers__clock_control.a(clock_control_nrf.c.obj)
 .text.gpio_nrfx_port_get_raw
                0x0000000000005dce        0xe zephyr/drivers/gpio/libdrivers__gpio.a(gpio_nrfx.c.obj)
 .text.gpio_nrfx_port_set_masked_raw
                0x0000000000005ddc       0x16 zephyr/drivers/gpio/libdrivers__gpio.a(gpio_nrfx.c.obj)
 .text.gpio_nrfx_port_set_bits_raw
                0x0000000000005df2        0xc zephyr/drivers/gpio/libdrivers__gpio.a(gpio_nrfx.c.obj)
 .text.gpio_nrfx_port_clear_bits_raw
                0x0000000000005dfe        0xc zephyr/drivers/gpio/libdrivers__gpio.a(gpio_nrfx.c.obj)
 .text.gpio_nrfx_port_toggle_bits
                0x0000000000005e0a       0x12 zephyr/drivers/gpio/libdrivers__gpio.a(gpio_nrfx.c.obj)
 .text.gpio_nrfx_manage_callback
                0x0000000000005e1c       0x54 zephyr/drivers/gpio/libdrivers__gpio.a(gpio_nrfx.c.obj)
 .text.uarte_nrfx_config_get
                0x0000000000005e70       0x10 zephyr/drivers/serial/libdrivers__serial.a(uart_nrfx_uarte.c.obj)
 .text.uarte_nrfx_err_check
                0x0000000000005e80        0xe zephyr/drivers/serial/libdrivers__serial.a(uart_nrfx_uarte.c.obj)
 .text.uarte_nrfx_poll_in
                0x0000000000005e8e       0x26 zephyr/drivers/serial/libdrivers__serial.a(uart_nrfx_uarte.c.obj)
 .text.is_tx_ready.isra.0
                0x0000000000005eb4       0x20 zephyr/drivers/serial/libdrivers__serial.a(uart_nrfx_uarte.c.obj)
 .text.uarte_nrfx_isr_int
                0x0000000000005ed4       0x72 zephyr/drivers/serial/libdrivers__serial.a(uart_nrfx_uarte.c.obj)
 .text.uarte_1_init
                0x0000000000005f46       0x1e zephyr/drivers/serial/libdrivers__serial.a(uart_nrfx_uarte.c.obj)
 .text.uarte_0_init
                0x0000000000005f64       0x1e zephyr/drivers/serial/libdrivers__serial.a(uart_nrfx_uarte.c.obj)
 .text.sys_clock_idle_exit
                0x0000000000005f82        0x2 zephyr/drivers/timer/libdrivers__timer.a(sys_clock_init.c.obj)
                0x0000000000005f82                sys_clock_idle_exit
 .text.sys_clock_cycle_get_32
                0x0000000000005f84        0x8 zephyr/drivers/timer/libdrivers__timer.a(nrf_rtc_timer.c.obj)
                0x0000000000005f84                sys_clock_cycle_get_32
 .text.pinctrl_lookup_state
                0x0000000000005f8c       0x30 zephyr/drivers/pinctrl/libdrivers__pinctrl.a(common.c.obj)
                0x0000000000005f8c                pinctrl_lookup_state
 .text.pinctrl_configure_pins
                0x0000000000005fbc       0x68 zephyr/drivers/pinctrl/libdrivers__pinctrl.a(pinctrl_nrf.c.obj)
                0x0000000000005fbc                pinctrl_configure_pins
 .text.nrfx_isr
                0x0000000000006024        0x2 modules/hal_nordic/nrfx/libmodules__hal_nordic__nrfx.a(nrfx_glue.c.obj)
                0x0000000000006024                nrfx_isr
 .text.nrfx_busy_wait
                0x0000000000006026        0x4 modules/hal_nordic/nrfx/libmodules__hal_nordic__nrfx.a(nrfx_glue.c.obj)
                0x0000000000006026                nrfx_busy_wait
 .text.clock_stop
                0x000000000000602a       0x96 modules/hal_nordic/nrfx/libmodules__hal_nordic__nrfx.a(nrfx_clock.c.obj)
 .text.nrfx_clock_enable
                0x00000000000060c0       0x1a modules/hal_nordic/nrfx/libmodules__hal_nordic__nrfx.a(nrfx_clock.c.obj)
                0x00000000000060c0                nrfx_clock_enable
 .text.nrfx_clock_start
                0x00000000000060da       0x7a modules/hal_nordic/nrfx/libmodules__hal_nordic__nrfx.a(nrfx_clock.c.obj)
                0x00000000000060da                nrfx_clock_start
 .text.nrfx_clock_stop
                0x0000000000006154        0x4 modules/hal_nordic/nrfx/libmodules__hal_nordic__nrfx.a(nrfx_clock.c.obj)
                0x0000000000006154                nrfx_clock_stop
 .text.nrf_gpio_reconfigure
                0x0000000000006158       0x8e modules/hal_nordic/nrfx/libmodules__hal_nordic__nrfx.a(nrfx_gpiote.c.obj)
 .text.nrf_gpio_cfg_sense_set
                0x00000000000061e6       0x1e modules/hal_nordic/nrfx/libmodules__hal_nordic__nrfx.a(nrfx_gpiote.c.obj)
 .text.SEGGER_RTT_Init
                0x0000000000006204        0x4 modules/segger/libmodules__segger.a(SEGGER_RTT.c.obj)
                0x0000000000006204                SEGGER_RTT_Init
 .text.rtt_init
                0x0000000000006208        0xa modules/segger/libmodules__segger.a(SEGGER_RTT_zephyr.c.obj)
 .text.z_device_state_init
                0x0000000000006212        0x2 zephyr/kernel/libkernel.a(device.c.obj)
                0x0000000000006212                z_device_state_init
 .text.z_device_is_ready
                0x0000000000006214       0x14 zephyr/kernel/libkernel.a(device.c.obj)
                0x0000000000006214                z_device_is_ready
 .text.z_early_memset
                0x0000000000006228        0x4 zephyr/kernel/libkernel.a(init.c.obj)
                0x0000000000006228                z_early_memset
 .text.z_early_memcpy
                0x000000000000622c        0x4 zephyr/kernel/libkernel.a(init.c.obj)
                0x000000000000622c                z_early_memcpy
 .text.k_is_in_isr
                0x0000000000006230        0xc zephyr/kernel/libkernel.a(thread.c.obj)
                0x0000000000006230                k_is_in_isr
 .text.z_impl_k_thread_name_set
                0x000000000000623c        0x6 zephyr/kernel/libkernel.a(thread.c.obj)
                0x000000000000623c                z_impl_k_thread_name_set
 .text.k_thread_name_get
                0x0000000000006242        0x4 zephyr/kernel/libkernel.a(thread.c.obj)
                0x0000000000006242                k_thread_name_get
 .text.z_pm_save_idle_exit
                0x0000000000006246        0xe zephyr/kernel/libkernel.a(idle.c.obj)
                0x0000000000006246                z_pm_save_idle_exit
 .text.adjust_owner_prio.isra.0
                0x0000000000006254       0x10 zephyr/kernel/libkernel.a(mutex.c.obj)
 .text.z_impl_k_sem_init
                0x0000000000006264       0x18 zephyr/kernel/libkernel.a(sem.c.obj)
                0x0000000000006264                z_impl_k_sem_init
 .text.sys_dlist_remove
                0x000000000000627c       0x10 zephyr/kernel/libkernel.a(sched.c.obj)
 .text.unpend_thread_no_timeout
                0x000000000000628c       0x14 zephyr/kernel/libkernel.a(sched.c.obj)
 .text.z_unpend_thread_no_timeout
                0x00000000000062a0       0x20 zephyr/kernel/libkernel.a(sched.c.obj)
                0x00000000000062a0                z_unpend_thread_no_timeout
 .text.z_reschedule_irqlock
                0x00000000000062c0       0x18 zephyr/kernel/libkernel.a(sched.c.obj)
                0x00000000000062c0                z_reschedule_irqlock
 .text.z_reschedule_unlocked
                0x00000000000062d8       0x14 zephyr/kernel/libkernel.a(sched.c.obj)
 .text.z_priq_dumb_best
                0x00000000000062ec        0xc zephyr/kernel/libkernel.a(sched.c.obj)
                0x00000000000062ec                z_priq_dumb_best
 .text.z_ready_thread
                0x00000000000062f8       0x20 zephyr/kernel/libkernel.a(sched.c.obj)
                0x00000000000062f8                z_ready_thread
 .text.z_thread_timeout
                0x0000000000006318       0x44 zephyr/kernel/libkernel.a(sched.c.obj)
                0x0000000000006318                z_thread_timeout
 .text.add_to_waitq_locked
                0x000000000000635c       0x54 zephyr/kernel/libkernel.a(sched.c.obj)
 .text.z_unpend1_no_timeout
                0x00000000000063b0       0x2a zephyr/kernel/libkernel.a(sched.c.obj)
                0x00000000000063b0                z_unpend1_no_timeout
 .text.z_unpend_first_thread
                0x00000000000063da       0x30 zephyr/kernel/libkernel.a(sched.c.obj)
                0x00000000000063da                z_unpend_first_thread
 .text.z_abort_timeout
                0x000000000000640a       0x2c zephyr/kernel/libkernel.a(timeout.c.obj)
                0x000000000000640a                z_abort_timeout
 .text.z_get_next_timeout_expiry
                0x0000000000006436       0x20 zephyr/kernel/libkernel.a(timeout.c.obj)
                0x0000000000006436                z_get_next_timeout_expiry
 .text.z_set_timeout_expiry
                0x0000000000006456       0x34 zephyr/kernel/libkernel.a(timeout.c.obj)
                0x0000000000006456                z_set_timeout_expiry
 .text.sys_clock_tick_get_32
                0x000000000000648a        0x8 zephyr/kernel/libkernel.a(timeout.c.obj)
                0x000000000000648a                sys_clock_tick_get_32
 .text.z_impl_k_busy_wait
                0x0000000000006492        0x8 zephyr/kernel/libkernel.a(timeout.c.obj)
                0x0000000000006492                z_impl_k_busy_wait
 .text.k_timer_init
                0x000000000000649a       0x18 zephyr/kernel/libkernel.a(timer.c.obj)
                0x000000000000649a                k_timer_init
 .text.z_impl_k_timer_stop
                0x00000000000064b2       0x3a zephyr/kernel/libkernel.a(timer.c.obj)
                0x00000000000064b2                z_impl_k_timer_stop
 .text._OffsetAbsSyms
                0x00000000000064ec        0x2 zephyr/CMakeFiles/offsets.dir/./arch/arm/core/offsets/offsets.c.obj
                0x00000000000064ec                _OffsetAbsSyms
 *(SORT_BY_ALIGNMENT(.TEXT.*))
 *fill*         0x00000000000064ee        0x2 
 .TEXT.z_arm_platform_init
                0x00000000000064f0        0x4 zephyr/libzephyr.a(soc_nrf_common.S.obj)
                0x00000000000064f0                z_arm_platform_init
 *(SORT_BY_ALIGNMENT(.gnu.linkonce.t.*))
 *(SORT_BY_ALIGNMENT(.glue_7t))
 .glue_7t       0x00000000000064f4        0x0 linker stubs
 *(SORT_BY_ALIGNMENT(.glue_7))
 .glue_7        0x00000000000064f4        0x0 linker stubs
 *(SORT_BY_ALIGNMENT(.vfp11_veneer))
 .vfp11_veneer  0x00000000000064f4        0x0 linker stubs
 *(SORT_BY_ALIGNMENT(.v4_bx))
 .v4_bx         0x00000000000064f4        0x0 linker stubs
                0x00000000000064f4                __text_region_end = .

.ARM.exidx      0x00000000000064f4        0x8
                0x00000000000064f4                __exidx_start = .
 *(SORT_BY_ALIGNMENT(.ARM.exidx*) SORT_BY_ALIGNMENT(gnu.linkonce.armexidx.*))
 .ARM.exidx     0x00000000000064f4        0x8 c:/ncs/toolchains/v2.0.2/opt/zephyr-sdk/arm-zephyr-eabi/bin/../lib/gcc/arm-zephyr-eabi/10.3.0/thumb/v7e-m/nofp\libgcc.a(_udivmoddi4.o)
                0x00000000000064fc                __exidx_end = .
                0x00000000000064fc                __rodata_region_start = .

initlevel       0x00000000000064fc       0x58
                0x00000000000064fc                __init_start = .
                0x00000000000064fc                __init_PRE_KERNEL_1_start = .
 *(SORT_BY_NAME(SORT_BY_ALIGNMENT(.z_init_PRE_KERNEL_1[0-9]_*)))
 .z_init_PRE_KERNEL_10_
                0x00000000000064fc        0x8 zephyr/soc/arm/nordic_nrf/nrf52/libsoc__arm__nordic_nrf__nrf52.a(soc.c.obj)
 *(SORT_BY_NAME(SORT_BY_ALIGNMENT(.z_init_PRE_KERNEL_1[1-9][0-9]_*)))
 .z_init_PRE_KERNEL_130_
                0x0000000000006504        0x8 zephyr/drivers/clock_control/libdrivers__clock_control.a(clock_control_nrf.c.obj)
 .z_init_PRE_KERNEL_130_
                0x000000000000650c        0x8 modules/segger/libmodules__segger.a(SEGGER_RTT_zephyr.c.obj)
 .z_init_PRE_KERNEL_130_
                0x0000000000006514        0x8 zephyr/kernel/libkernel.a(mem_slab.c.obj)
 .z_init_PRE_KERNEL_140_
                0x000000000000651c       0x10 zephyr/drivers/gpio/libdrivers__gpio.a(gpio_nrfx.c.obj)
 .z_init_PRE_KERNEL_155_
                0x000000000000652c       0x10 zephyr/drivers/serial/libdrivers__serial.a(uart_nrfx_uarte.c.obj)
 .z_init_PRE_KERNEL_160_
                0x000000000000653c        0x8 zephyr/drivers/console/libdrivers__console.a(uart_console.c.obj)
                0x0000000000006544                __init_PRE_KERNEL_2_start = .
 *(SORT_BY_NAME(SORT_BY_ALIGNMENT(.z_init_PRE_KERNEL_2[0-9]_*)))
 .z_init_PRE_KERNEL_20_
                0x0000000000006544        0x8 zephyr/drivers/timer/libdrivers__timer.a(nrf_rtc_timer.c.obj)
 *(SORT_BY_NAME(SORT_BY_ALIGNMENT(.z_init_PRE_KERNEL_2[1-9][0-9]_*)))
                0x000000000000654c                __init_POST_KERNEL_start = .
 *(SORT_BY_NAME(SORT_BY_ALIGNMENT(.z_init_POST_KERNEL[0-9]_*)))
 .z_init_POST_KERNEL0_
                0x000000000000654c        0x8 zephyr/libzephyr.a(log_core.c.obj)
 *(SORT_BY_NAME(SORT_BY_ALIGNMENT(.z_init_POST_KERNEL[1-9][0-9]_*)))
                0x0000000000006554                __init_APPLICATION_start = .
 *(SORT_BY_NAME(SORT_BY_ALIGNMENT(.z_init_APPLICATION[0-9]_*)))
 *(SORT_BY_NAME(SORT_BY_ALIGNMENT(.z_init_APPLICATION[1-9][0-9]_*)))
                0x0000000000006554                __init_SMP_start = .
 *(SORT_BY_NAME(SORT_BY_ALIGNMENT(.z_init_SMP[0-9]_*)))
 *(SORT_BY_NAME(SORT_BY_ALIGNMENT(.z_init_SMP[1-9][0-9]_*)))
                0x0000000000006554                __init_end = .

devices         0x0000000000006554       0x78
                0x0000000000006554                __device_start = .
                0x0000000000006554                __device_PRE_KERNEL_1_start = .
 *(SORT_BY_NAME(SORT_BY_ALIGNMENT(.z_device_PRE_KERNEL_1[0-9]_*)))
 *(SORT_BY_NAME(SORT_BY_ALIGNMENT(.z_device_PRE_KERNEL_1[1-9][0-9]_*)))
 .z_device_PRE_KERNEL_130_
                0x0000000000006554       0x18 zephyr/drivers/clock_control/libdrivers__clock_control.a(clock_control_nrf.c.obj)
                0x0000000000006554                __device_dts_ord_32
 .z_device_PRE_KERNEL_140_
                0x000000000000656c       0x30 zephyr/drivers/gpio/libdrivers__gpio.a(gpio_nrfx.c.obj)
                0x000000000000656c                __device_dts_ord_9
                0x0000000000006584                __device_dts_ord_42
 .z_device_PRE_KERNEL_155_
                0x000000000000659c       0x30 zephyr/drivers/serial/libdrivers__serial.a(uart_nrfx_uarte.c.obj)
                0x000000000000659c                __device_dts_ord_74
                0x00000000000065b4                __device_dts_ord_73
                0x00000000000065cc                __device_PRE_KERNEL_2_start = .
 *(SORT_BY_NAME(SORT_BY_ALIGNMENT(.z_device_PRE_KERNEL_2[0-9]_*)))
 *(SORT_BY_NAME(SORT_BY_ALIGNMENT(.z_device_PRE_KERNEL_2[1-9][0-9]_*)))
                0x00000000000065cc                __device_POST_KERNEL_start = .
 *(SORT_BY_NAME(SORT_BY_ALIGNMENT(.z_device_POST_KERNEL[0-9]_*)))
 *(SORT_BY_NAME(SORT_BY_ALIGNMENT(.z_device_POST_KERNEL[1-9][0-9]_*)))
                0x00000000000065cc                __device_APPLICATION_start = .
 *(SORT_BY_NAME(SORT_BY_ALIGNMENT(.z_device_APPLICATION[0-9]_*)))
 *(SORT_BY_NAME(SORT_BY_ALIGNMENT(.z_device_APPLICATION[1-9][0-9]_*)))
                0x00000000000065cc                __device_SMP_start = .
 *(SORT_BY_NAME(SORT_BY_ALIGNMENT(.z_device_SMP[0-9]_*)))
 *(SORT_BY_NAME(SORT_BY_ALIGNMENT(.z_device_SMP[1-9][0-9]_*)))
                0x00000000000065cc                __device_end = .

sw_isr_table    0x00000000000065cc      0x180
                0x00000000000065cc                . = ALIGN (0x0)
 *(SORT_BY_ALIGNMENT(.gnu.linkonce.sw_isr_table*))
 .gnu.linkonce.sw_isr_table
                0x00000000000065cc      0x180 zephyr/CMakeFiles/zephyr_final.dir/isr_tables.c.obj
                0x00000000000065cc                _sw_isr_table

initlevel_error
                0x00000000000064fc        0x0
 *(SORT_BY_NAME(SORT_BY_ALIGNMENT(.z_init_[_A-Z0-9]*)))
                0x0000000000000001                ASSERT ((SIZEOF (initlevel_error) == 0x0), Undefined initialization levels used.)

app_shmem_regions
                0x000000000000674c        0x0
                0x000000000000674c                __app_shmem_regions_start = .
 *(SORT_BY_NAME(SORT_BY_ALIGNMENT(.app_regions.*)))
                0x000000000000674c                __app_shmem_regions_end = .

bt_l2cap_fixed_chan_area
                0x000000000000674c        0x0
                0x000000000000674c                _bt_l2cap_fixed_chan_list_start = .
 *(SORT_BY_NAME(SORT_BY_ALIGNMENT(._bt_l2cap_fixed_chan.static.*)))
                0x000000000000674c                _bt_l2cap_fixed_chan_list_end = .

bt_gatt_service_static_area
                0x000000000000674c        0x0
                0x000000000000674c                _bt_gatt_service_static_list_start = .
 *(SORT_BY_NAME(SORT_BY_ALIGNMENT(._bt_gatt_service_static.static.*)))
                0x000000000000674c                _bt_gatt_service_static_list_end = .

k_p4wq_initparam_area
                0x000000000000674c        0x0
                0x000000000000674c                _k_p4wq_initparam_list_start = .
 *(SORT_BY_NAME(SORT_BY_ALIGNMENT(._k_p4wq_initparam.static.*)))
                0x000000000000674c                _k_p4wq_initparam_list_end = .

log_strings_sections
                0x000000000000674c        0x0
                0x000000000000674c                __log_strings_start = .
 *(SORT_BY_NAME(SORT_BY_ALIGNMENT(.log_strings*)))
                0x000000000000674c                __log_strings_end = .

log_const_sections
                0x000000000000674c       0x40
                0x000000000000674c                __log_const_start = .
 *(SORT_BY_NAME(SORT_BY_ALIGNMENT(.log_const_*)))
 .log_const_clock_control
                0x000000000000674c        0x8 zephyr/drivers/clock_control/libdrivers__clock_control.a(clock_control_nrf.c.obj)
                0x000000000000674c                log_const_clock_control
 .log_const_fatal_error
                0x0000000000006754        0x8 modules/nrf/lib/fatal_error/lib..__nrf__lib__fatal_error.a(fatal_error.c.obj)
                0x0000000000006754                log_const_fatal_error
 .log_const_log
                0x000000000000675c        0x8 zephyr/libzephyr.a(log_core.c.obj)
                0x000000000000675c                log_const_log
 .log_const_mpu
                0x0000000000006764        0x8 zephyr/arch/arch/arm/core/aarch32/mpu/libarch__arm__core__aarch32__mpu.a(arm_core_mpu.c.obj)
                0x0000000000006764                log_const_mpu
 .log_const_os  0x000000000000676c        0x8 zephyr/kernel/libkernel.a(init.c.obj)
                0x000000000000676c                log_const_os
 .log_const_pm  0x0000000000006774        0x8 zephyr/libzephyr.a(pm.c.obj)
                0x0000000000006774                log_const_pm
 .log_const_soc
                0x000000000000677c        0x8 zephyr/soc/arm/nordic_nrf/nrf52/libsoc__arm__nordic_nrf__nrf52.a(soc.c.obj)
                0x000000000000677c                log_const_soc
 .log_const_uart_nrfx_uarte
                0x0000000000006784        0x8 zephyr/drivers/serial/libdrivers__serial.a(uart_nrfx_uarte.c.obj)
                0x0000000000006784                log_const_uart_nrfx_uarte
                0x000000000000678c                __log_const_end = .

log_backends_sections
                0x000000000000678c       0x10
                0x000000000000678c                __log_backends_start = .
 *(SORT_BY_ALIGNMENT(._log_backend.*))
 ._log_backend.static.log_backend_rtt
                0x000000000000678c       0x10 zephyr/libzephyr.a(log_backend_rtt.c.obj)
                0x000000000000679c                __log_backends_end = .

shell_area      0x000000000000679c        0x0
                0x000000000000679c                _shell_list_start = .
 *(SORT_BY_NAME(SORT_BY_ALIGNMENT(._shell.static.*)))
                0x000000000000679c                _shell_list_end = .

shell_root_cmds_sections
                0x000000000000679c        0x0
                0x000000000000679c                __shell_root_cmds_start = .
 *(SORT_BY_NAME(SORT_BY_ALIGNMENT(.shell_root_cmd_*)))
                0x000000000000679c                __shell_root_cmds_end = .

font_entry_sections
                0x000000000000679c        0x0
                0x000000000000679c                __font_entry_start = .
 *(SORT_BY_NAME(SORT_BY_ALIGNMENT(._cfb_font.*)))
                0x000000000000679c                __font_entry_end = .

tracing_backend_area
                0x000000000000679c        0x0
                0x000000000000679c                _tracing_backend_list_start = .
 *(SORT_BY_NAME(SORT_BY_ALIGNMENT(._tracing_backend.static.*)))
                0x000000000000679c                _tracing_backend_list_end = .

zephyr_dbg_info
 *(SORT_BY_ALIGNMENT(.dbg_thread_info))

device_handles  0x000000000000679c       0x1e
                0x000000000000679c                __device_handles_start = .
 *(SORT_BY_NAME(SORT_BY_ALIGNMENT(.__device_handles_pass2*)))
 .__device_handles_pass2
                0x000000000000679c       0x1e zephyr/CMakeFiles/zephyr_final.dir/dev_handles.c.obj
                0x000000000000679c                __devicehdl_DT_N_S_soc_S_uart_40002000
                0x00000000000067a2                __devicehdl_DT_N_S_soc_S_uart_40028000
                0x00000000000067a8                __devicehdl_DT_N_S_soc_S_gpio_50000300
                0x00000000000067ae                __devicehdl_DT_N_S_soc_S_gpio_50000000
                0x00000000000067b4                __devicehdl_DT_N_S_soc_S_clock_40000000
                0x00000000000067ba                __device_handles_end = .

rodata          0x00000000000067c0      0x928
 *(SORT_BY_ALIGNMENT(.rodata))
 *(SORT_BY_ALIGNMENT(.rodata.*))
 .rodata.delay_machine_code.0
                0x00000000000067c0        0x6 zephyr/soc/arm/nordic_nrf/nrf52/libsoc__arm__nordic_nrf__nrf52.a(soc.c.obj)
 *fill*         0x00000000000067c6        0x2 
 .rodata.button
                0x00000000000067c8        0x8 app/libapp.a(main.c.obj)
 .rodata.led    0x00000000000067d0        0x8 app/libapp.a(main.c.obj)
 .rodata.format_table
                0x00000000000067d8        0xc zephyr/libzephyr.a(log_core.c.obj)
 .rodata.mpsc_config
                0x00000000000067e4       0x14 zephyr/libzephyr.a(log_core.c.obj)
 .rodata.colors
                0x00000000000067f8       0x14 zephyr/libzephyr.a(log_output.c.obj)
 .rodata.severity
                0x000000000000680c       0x14 zephyr/libzephyr.a(log_output.c.obj)
 .rodata.log_backend_rtt_api
                0x0000000000006820       0x20 zephyr/libzephyr.a(log_backend_rtt.c.obj)
                0x0000000000006820                log_backend_rtt_api
 .rodata.log_output_rtt
                0x0000000000006840       0x10 zephyr/libzephyr.a(log_backend_rtt.c.obj)
 .rodata.pmstates_DT_N_S_cpus_S_cpu_0
                0x0000000000006850        0x0 zephyr/libzephyr.a(state.c.obj)
 .rodata.static_regions
                0x0000000000006850        0xc zephyr/arch/arch/arm/core/aarch32/mpu/libarch__arm__core__aarch32__mpu.a(arm_core_mpu.c.obj)
 .rodata.mpu_config
                0x000000000000685c        0x8 zephyr/soc/arm/common/cortex_m/libsoc__arm__common__cortex_m.a(arm_mpu_regions.c.obj)
                0x000000000000685c                mpu_config
 .rodata.mpu_regions
                0x0000000000006864       0x18 zephyr/soc/arm/common/cortex_m/libsoc__arm__common__cortex_m.a(arm_mpu_regions.c.obj)
 .rodata.clock_control_api
                0x000000000000687c       0x18 zephyr/drivers/clock_control/libdrivers__clock_control.a(clock_control_nrf.c.obj)
 .rodata.config
                0x0000000000006894       0x18 zephyr/drivers/clock_control/libdrivers__clock_control.a(clock_control_nrf.c.obj)
 .rodata.transitions.0
                0x00000000000068ac        0xc zephyr/drivers/clock_control/libdrivers__clock_control.a(clock_control_nrf.c.obj)
 .rodata.gpio_nrfx_drv_api_funcs
                0x00000000000068b8       0x24 zephyr/drivers/gpio/libdrivers__gpio.a(gpio_nrfx.c.obj)
 .rodata.gpio_nrfx_p0_cfg
                0x00000000000068dc       0x10 zephyr/drivers/gpio/libdrivers__gpio.a(gpio_nrfx.c.obj)
 .rodata.gpio_nrfx_p1_cfg
                0x00000000000068ec       0x10 zephyr/drivers/gpio/libdrivers__gpio.a(gpio_nrfx.c.obj)
 .rodata.__pinctrl_dev_config__device_dts_ord_73
                0x00000000000068fc        0xc zephyr/drivers/serial/libdrivers__serial.a(uart_nrfx_uarte.c.obj)
 .rodata.__pinctrl_dev_config__device_dts_ord_74
                0x0000000000006908        0xc zephyr/drivers/serial/libdrivers__serial.a(uart_nrfx_uarte.c.obj)
 .rodata.__pinctrl_state_pins_0__device_dts_ord_73
                0x0000000000006914       0x10 zephyr/drivers/serial/libdrivers__serial.a(uart_nrfx_uarte.c.obj)
 .rodata.__pinctrl_state_pins_0__device_dts_ord_74
                0x0000000000006924        0x8 zephyr/drivers/serial/libdrivers__serial.a(uart_nrfx_uarte.c.obj)
 .rodata.__pinctrl_states__device_dts_ord_73
                0x000000000000692c        0x8 zephyr/drivers/serial/libdrivers__serial.a(uart_nrfx_uarte.c.obj)
 .rodata.__pinctrl_states__device_dts_ord_74
                0x0000000000006934        0x8 zephyr/drivers/serial/libdrivers__serial.a(uart_nrfx_uarte.c.obj)
 .rodata.uart_nrfx_uarte_driver_api
                0x000000000000693c       0x14 zephyr/drivers/serial/libdrivers__serial.a(uart_nrfx_uarte.c.obj)
 .rodata.uarte_0z_config
                0x0000000000006950       0x10 zephyr/drivers/serial/libdrivers__serial.a(uart_nrfx_uarte.c.obj)
 .rodata.uarte_1z_config
                0x0000000000006960       0x10 zephyr/drivers/serial/libdrivers__serial.a(uart_nrfx_uarte.c.obj)
 .rodata.levels.0
                0x0000000000006970       0x14 zephyr/kernel/libkernel.a(device.c.obj)
 .rodata._k_neg_eagain
                0x0000000000006984        0x4 zephyr/kernel/libkernel.a(errno.c.obj)
                0x0000000000006984                _k_neg_eagain
 .rodata.CSWTCH.442
                0x0000000000006988       0x14 zephyr/kernel/libkernel.a(fatal.c.obj)
 .rodata.button_pressed.str1.1
                0x000000000000699c       0x16 app/libapp.a(main.c.obj)
 .rodata.main.str1.1
                0x00000000000069b2       0xa1 app/libapp.a(main.c.obj)
 .rodata.cbvprintf.str1.1
                0x0000000000006a53        0x6 zephyr/libzephyr.a(cbprintf_complete.c.obj)
 .rodata.enable_logger.str1.1
                0x0000000000006a59        0x8 zephyr/libzephyr.a(log_core.c.obj)
 .rodata.str1.1
                0x0000000000006a61        0x4 zephyr/libzephyr.a(log_core.c.obj)
 .rodata.hexdump_line_print.str1.1
                0x0000000000006a65       0x12 zephyr/libzephyr.a(log_output.c.obj)
                                         0x16 (size before relaxing)
 .rodata.prefix_print.str1.1
                0x0000000000006a77       0x40 zephyr/libzephyr.a(log_output.c.obj)
 .rodata.log_output_dropped_process.str1.1
                0x0000000000006ab7       0x40 zephyr/libzephyr.a(log_output.c.obj)
                                          0x3 (size before relaxing)
 .rodata.str1.1
                0x0000000000006ab7       0x20 zephyr/libzephyr.a(log_output.c.obj)
 .rodata.postfix.0
                0x0000000000006ad7       0x1c zephyr/libzephyr.a(log_output.c.obj)
 .rodata.prefix.1
                0x0000000000006af3        0xc zephyr/libzephyr.a(log_output.c.obj)
 .rodata.str1.1
                0x0000000000006aff       0x10 zephyr/libzephyr.a(log_backend_rtt.c.obj)
 .rodata.str1.1
                0x0000000000006b0f        0x3 zephyr/libzephyr.a(pm.c.obj)
 .rodata.z_arm_fatal_error.str1.1
                0x0000000000006b12       0x9b zephyr/arch/arch/arm/core/aarch32/libarch__arm__core__aarch32.a(fatal.c.obj)
 .rodata.bus_fault.constprop.0.str1.1
                0x0000000000006bad       0xca zephyr/arch/arch/arm/core/aarch32/cortex_m/libarch__arm__core__aarch32__cortex_m.a(fault.c.obj)
 .rodata.usage_fault.constprop.0.str1.1
                0x0000000000006c77       0xcd zephyr/arch/arch/arm/core/aarch32/cortex_m/libarch__arm__core__aarch32__cortex_m.a(fault.c.obj)
 .rodata.mem_manage_fault.str1.1
                0x0000000000006d44       0x96 zephyr/arch/arch/arm/core/aarch32/cortex_m/libarch__arm__core__aarch32__cortex_m.a(fault.c.obj)
 .rodata.z_arm_fault.str1.1
                0x0000000000006dda      0x111 zephyr/arch/arch/arm/core/aarch32/cortex_m/libarch__arm__core__aarch32__cortex_m.a(fault.c.obj)
 .rodata.str1.1
                0x0000000000006eeb        0x4 zephyr/arch/arch/arm/core/aarch32/mpu/libarch__arm__core__aarch32__mpu.a(arm_core_mpu.c.obj)
 .rodata.mpu_configure_regions.str1.1
                0x0000000000006eef       0x49 zephyr/arch/arch/arm/core/aarch32/mpu/libarch__arm__core__aarch32__mpu.a(arm_mpu.c.obj)
 .rodata.str1.1
                0x0000000000006f38        0xf zephyr/soc/arm/common/cortex_m/libsoc__arm__common__cortex_m.a(arm_mpu_regions.c.obj)
 .rodata.str1.1
                0x0000000000006f47        0x4 zephyr/soc/arm/nordic_nrf/nrf52/libsoc__arm__nordic_nrf__nrf52.a(soc.c.obj)
 .rodata.str1.1
                0x0000000000006f4b       0x20 zephyr/drivers/clock_control/libdrivers__clock_control.a(clock_control_nrf.c.obj)
 .rodata.str1.1
                0x0000000000006f6b        0xe zephyr/drivers/gpio/libdrivers__gpio.a(gpio_nrfx.c.obj)
 .rodata.uarte_instance_init.constprop.0.str1.1
                0x0000000000006f79       0x1f zephyr/drivers/serial/libdrivers__serial.a(uart_nrfx_uarte.c.obj)
 .rodata.str1.1
                0x0000000000006f98       0x1e zephyr/drivers/serial/libdrivers__serial.a(uart_nrfx_uarte.c.obj)
 .rodata.k_sys_fatal_error_handler.str1.1
                0x0000000000006fb6       0x11 modules/nrf/lib/fatal_error/lib..__nrf__lib__fatal_error.a(fatal_error.c.obj)
 .rodata.str1.1
                0x0000000000006fc7        0xc modules/nrf/lib/fatal_error/lib..__nrf__lib__fatal_error.a(fatal_error.c.obj)
 .rodata._DoInit.str1.1
                0x0000000000006fd3       0x14 modules/segger/libmodules__segger.a(SEGGER_RTT.c.obj)
 .rodata.z_fatal_error.str1.1
                0x0000000000006fe7       0x77 zephyr/kernel/libkernel.a(fatal.c.obj)
 .rodata.str1.1
                0x000000000000705e       0x4a zephyr/kernel/libkernel.a(fatal.c.obj)
 .rodata.z_cstart.str1.1
                0x00000000000070a8        0x5 zephyr/kernel/libkernel.a(init.c.obj)
 .rodata.str1.1
                0x00000000000070ad        0x3 zephyr/kernel/libkernel.a(init.c.obj)
 .rodata.boot_banner.str1.1
                0x00000000000070b0       0x36 zephyr/kernel/libkernel.a(banner.c.obj)
                                         0x37 (size before relaxing)
 *(SORT_BY_ALIGNMENT(.gnu.linkonce.r.*))
                0x00000000000070e8                . = ALIGN (0x4)
 *fill*         0x00000000000070e6        0x2 
                0x00000000000070e8                __rodata_region_end = .
                0x0000000000007100                . = ALIGN (_region_min_align)
                0x0000000000008000                . = ALIGN ((0x1 << ((__rodata_region_end - __rom_region_start) <= 0x4)?0x2:((__rodata_region_end - __rom_region_start) <= 0x8)?0x3:((__rodata_region_end - __rom_region_start) <= 0x10)?0x4:((__rodata_region_end - __rom_region_start) <= 0x20)?0x5:((__rodata_region_end - __rom_region_start) <= 0x40)?0x6:((__rodata_region_end - __rom_region_start) <= 0x80)?0x7:((__rodata_region_end - __rom_region_start) <= 0x100)?0x8:((__rodata_region_end - __rom_region_start) <= 0x200)?0x9:((__rodata_region_end - __rom_region_start) <= 0x400)?0xa:((__rodata_region_end - __rom_region_start) <= 0x800)?0xb:((__rodata_region_end - __rom_region_start) <= 0x1000)?0xc:((__rodata_region_end - __rom_region_start) <= 0x2000)?0xd:((__rodata_region_end - __rom_region_start) <= 0x4000)?0xe:((__rodata_region_end - __rom_region_start) <= 0x8000)?0xf:((__rodata_region_end - __rom_region_start) <= 0x10000)?0x10:((__rodata_region_end - __rom_region_start) <= 0x20000)?0x11:((__rodata_region_end - __rom_region_start) <= 0x40000)?0x12:((__rodata_region_end - __rom_region_start) <= 0x80000)?0x13:((__rodata_region_end - __rom_region_start) <= 0x100000)?0x14:((__rodata_region_end - __rom_region_start) <= 0x200000)?0x15:((__rodata_region_end - __rom_region_start) <= 0x400000)?0x16:((__rodata_region_end - __rom_region_start) <= 0x800000)?0x17:((__rodata_region_end - __rom_region_start) <= 0x1000000)?0x18:((__rodata_region_end - __rom_region_start) <= 0x2000000)?0x19:((__rodata_region_end - __rom_region_start) <= 0x4000000)?0x1a:((__rodata_region_end - __rom_region_start) <= 0x8000000)?0x1b:((__rodata_region_end - __rom_region_start) <= 0x10000000)?0x1c:((__rodata_region_end - __rom_region_start) <= 0x20000000)?0x1d:((__rodata_region_end - __rom_region_start) <= 0x40000000)?0x1e:((__rodata_region_end - __rom_region_start) <= 0x80000000)?0x1f:0x20))
                0x0000000000008000                __rom_region_end = .
                0x0000000020000000                . = 0x20000000
                0x0000000020000000                . = ALIGN (_region_min_align)
                0x0000000020000000                _image_ram_start = .

.ramfunc        0x0000000020000000        0x0 load address 0x00000000000070e8
                0x0000000020000000                . = ALIGN (_region_min_align)
                0x0000000020000000                . = ALIGN ((0x1 << (__ramfunc_size <= 0x4)?0x2:(__ramfunc_size <= 0x8)?0x3:(__ramfunc_size <= 0x10)?0x4:(__ramfunc_size <= 0x20)?0x5:(__ramfunc_size <= 0x40)?0x6:(__ramfunc_size <= 0x80)?0x7:(__ramfunc_size <= 0x100)?0x8:(__ramfunc_size <= 0x200)?0x9:(__ramfunc_size <= 0x400)?0xa:(__ramfunc_size <= 0x800)?0xb:(__ramfunc_size <= 0x1000)?0xc:(__ramfunc_size <= 0x2000)?0xd:(__ramfunc_size <= 0x4000)?0xe:(__ramfunc_size <= 0x8000)?0xf:(__ramfunc_size <= 0x10000)?0x10:(__ramfunc_size <= 0x20000)?0x11:(__ramfunc_size <= 0x40000)?0x12:(__ramfunc_size <= 0x80000)?0x13:(__ramfunc_size <= 0x100000)?0x14:(__ramfunc_size <= 0x200000)?0x15:(__ramfunc_size <= 0x400000)?0x16:(__ramfunc_size <= 0x800000)?0x17:(__ramfunc_size <= 0x1000000)?0x18:(__ramfunc_size <= 0x2000000)?0x19:(__ramfunc_size <= 0x4000000)?0x1a:(__ramfunc_size <= 0x8000000)?0x1b:(__ramfunc_size <= 0x10000000)?0x1c:(__ramfunc_size <= 0x20000000)?0x1d:(__ramfunc_size <= 0x40000000)?0x1e:(__ramfunc_size <= 0x80000000)?0x1f:0x20))
                0x0000000020000000                __ramfunc_start = .
 *(SORT_BY_ALIGNMENT(.ramfunc))
 *(SORT_BY_ALIGNMENT(.ramfunc.*))
                0x0000000020000000                . = ALIGN (_region_min_align)
                0x0000000020000000                . = ALIGN ((0x1 << (__ramfunc_size <= 0x4)?0x2:(__ramfunc_size <= 0x8)?0x3:(__ramfunc_size <= 0x10)?0x4:(__ramfunc_size <= 0x20)?0x5:(__ramfunc_size <= 0x40)?0x6:(__ramfunc_size <= 0x80)?0x7:(__ramfunc_size <= 0x100)?0x8:(__ramfunc_size <= 0x200)?0x9:(__ramfunc_size <= 0x400)?0xa:(__ramfunc_size <= 0x800)?0xb:(__ramfunc_size <= 0x1000)?0xc:(__ramfunc_size <= 0x2000)?0xd:(__ramfunc_size <= 0x4000)?0xe:(__ramfunc_size <= 0x8000)?0xf:(__ramfunc_size <= 0x10000)?0x10:(__ramfunc_size <= 0x20000)?0x11:(__ramfunc_size <= 0x40000)?0x12:(__ramfunc_size <= 0x80000)?0x13:(__ramfunc_size <= 0x100000)?0x14:(__ramfunc_size <= 0x200000)?0x15:(__ramfunc_size <= 0x400000)?0x16:(__ramfunc_size <= 0x800000)?0x17:(__ramfunc_size <= 0x1000000)?0x18:(__ramfunc_size <= 0x2000000)?0x19:(__ramfunc_size <= 0x4000000)?0x1a:(__ramfunc_size <= 0x8000000)?0x1b:(__ramfunc_size <= 0x10000000)?0x1c:(__ramfunc_size <= 0x20000000)?0x1d:(__ramfunc_size <= 0x40000000)?0x1e:(__ramfunc_size <= 0x80000000)?0x1f:0x20))
                0x0000000020000000                __ramfunc_end = .
                0x0000000000000000                __ramfunc_size = (__ramfunc_end - __ramfunc_start)
                0x00000000000070e8                __ramfunc_load_start = LOADADDR (.ramfunc)

datas           0x0000000020000000       0xb8 load address 0x00000000000070e8
                0x0000000020000000                __data_region_start = .
                0x0000000020000000                __data_start = .
 *(SORT_BY_ALIGNMENT(.data))
 *(SORT_BY_ALIGNMENT(.data.*))
 .data._char_out
                0x0000000020000000        0x4 zephyr/libzephyr.a(printk.c.obj)
                0x0000000020000000                _char_out
 .data.timestamp_func
                0x0000000020000004        0x4 zephyr/libzephyr.a(log_core.c.obj)
 .data.max_latency_ticks
                0x0000000020000008        0x4 zephyr/libzephyr.a(policy.c.obj)
 .data._stdout_hook
                0x000000002000000c        0x4 zephyr/lib/libc/minimal/liblib__libc__minimal.a(stdout_console.c.obj)
 .data.uarte_0_data
                0x0000000020000010       0x14 zephyr/drivers/serial/libdrivers__serial.a(uart_nrfx_uarte.c.obj)
 .data.uarte_1_data
                0x0000000020000024       0x14 zephyr/drivers/serial/libdrivers__serial.a(uart_nrfx_uarte.c.obj)
 .data.SystemCoreClock
                0x0000000020000038        0x4 modules/hal_nordic/nrfx/libmodules__hal_nordic__nrfx.a(system_nrf52833.c.obj)
                0x0000000020000038                SystemCoreClock
 .data.m_cb     0x000000002000003c       0x70 modules/hal_nordic/nrfx/libmodules__hal_nordic__nrfx.a(nrfx_gpiote.c.obj)
 .data.m_channels_allocated
                0x00000000200000ac        0x4 modules/hal_nordic/nrfx/libmodules__hal_nordic__nrfx.a(nrfx_ppi.c.obj)
 .data.timeout_list
                0x00000000200000b0        0x8 zephyr/kernel/libkernel.a(timeout.c.obj)
 *(SORT_BY_ALIGNMENT(.kernel.*))
                0x00000000200000b8                __data_end = .
                0x00000000000000b8                __data_size = (__data_end - __data_start)
                0x00000000000070e8                __data_load_start = LOADADDR (datas)
                0x00000000000070e8                __data_region_load_start = LOADADDR (datas)

device_states   0x00000000200000b8       0x14 load address 0x00000000000071a0
                0x00000000200000b8                __device_states_start = .
 *(SORT_BY_ALIGNMENT(.z_devstate))
 .z_devstate    0x00000000200000b8        0x4 zephyr/drivers/clock_control/libdrivers__clock_control.a(clock_control_nrf.c.obj)
 .z_devstate    0x00000000200000bc        0x8 zephyr/drivers/gpio/libdrivers__gpio.a(gpio_nrfx.c.obj)
 .z_devstate    0x00000000200000c4        0x8 zephyr/drivers/serial/libdrivers__serial.a(uart_nrfx_uarte.c.obj)
 *(SORT_BY_ALIGNMENT(.z_devstate.*))
                0x00000000200000cc                __device_states_end = .

initshell       0x00000000200000cc        0x0 load address 0x00000000000071b4
                0x00000000200000cc                __shell_module_start = .
 *(SORT_BY_ALIGNMENT(.shell_module_*))
                0x00000000200000cc                __shell_module_end = .
                0x00000000200000cc                __shell_cmd_start = .
 *(SORT_BY_ALIGNMENT(.shell_cmd_*))
                0x00000000200000cc                __shell_cmd_end = .

log_dynamic_sections
                0x00000000200000cc        0x0 load address 0x00000000000071b4
                0x00000000200000cc                __log_dynamic_start = .
 *(SORT_BY_NAME(SORT_BY_ALIGNMENT(.log_dynamic_*)))
                0x00000000200000cc                __log_dynamic_end = .

_static_thread_data_area
                0x00000000200000cc        0x0 load address 0x00000000000071b4
                0x00000000200000cc                __static_thread_data_list_start = .
 *(SORT_BY_NAME(SORT_BY_ALIGNMENT(.__static_thread_data.static.*)))
                0x00000000200000cc                __static_thread_data_list_end = .

k_timer_area    0x00000000200000cc        0x0 load address 0x00000000000071b4
                0x00000000200000cc                _k_timer_list_start = .
 *(SORT_BY_NAME(SORT_BY_ALIGNMENT(._k_timer.static.*)))
                0x00000000200000cc                _k_timer_list_end = .

k_mem_slab_area
                0x00000000200000cc        0x0 load address 0x00000000000071b4
                0x00000000200000cc                _k_mem_slab_list_start = .
 *(SORT_BY_NAME(SORT_BY_ALIGNMENT(._k_mem_slab.static.*)))
                0x00000000200000cc                _k_mem_slab_list_end = .

k_mem_pool_area
                0x00000000200000cc        0x0 load address 0x00000000000071b4
                0x00000000200000cc                _k_mem_pool_list_start = .
 *(SORT_BY_NAME(SORT_BY_ALIGNMENT(._k_mem_pool.static.*)))
                0x00000000200000cc                _k_mem_pool_list_end = .

k_heap_area     0x00000000200000cc        0x0 load address 0x00000000000071b4
                0x00000000200000cc                _k_heap_list_start = .
 *(SORT_BY_NAME(SORT_BY_ALIGNMENT(._k_heap.static.*)))
                0x00000000200000cc                _k_heap_list_end = .

k_mutex_area    0x00000000200000cc       0x14 load address 0x00000000000071b4
                0x00000000200000cc                _k_mutex_list_start = .
 *(SORT_BY_NAME(SORT_BY_ALIGNMENT(._k_mutex.static.*)))
 ._k_mutex.static.rtt_term_mutex
                0x00000000200000cc       0x14 modules/segger/libmodules__segger.a(SEGGER_RTT_zephyr.c.obj)
                0x00000000200000cc                rtt_term_mutex
                0x00000000200000e0                _k_mutex_list_end = .

k_stack_area    0x00000000200000e0        0x0 load address 0x00000000000071c8
                0x00000000200000e0                _k_stack_list_start = .
 *(SORT_BY_NAME(SORT_BY_ALIGNMENT(._k_stack.static.*)))
                0x00000000200000e0                _k_stack_list_end = .

k_msgq_area     0x00000000200000e0        0x0 load address 0x00000000000071c8
                0x00000000200000e0                _k_msgq_list_start = .
 *(SORT_BY_NAME(SORT_BY_ALIGNMENT(._k_msgq.static.*)))
                0x00000000200000e0                _k_msgq_list_end = .

k_mbox_area     0x00000000200000e0        0x0 load address 0x00000000000071c8
                0x00000000200000e0                _k_mbox_list_start = .
 *(SORT_BY_NAME(SORT_BY_ALIGNMENT(._k_mbox.static.*)))
                0x00000000200000e0                _k_mbox_list_end = .

k_pipe_area     0x00000000200000e0        0x0 load address 0x00000000000071c8
                0x00000000200000e0                _k_pipe_list_start = .
 *(SORT_BY_NAME(SORT_BY_ALIGNMENT(._k_pipe.static.*)))
                0x00000000200000e0                _k_pipe_list_end = .

k_sem_area      0x00000000200000e0       0x10 load address 0x00000000000071c8
                0x00000000200000e0                _k_sem_list_start = .
 *(SORT_BY_NAME(SORT_BY_ALIGNMENT(._k_sem.static.*)))
 ._k_sem.static.log_process_thread_sem
                0x00000000200000e0       0x10 zephyr/libzephyr.a(log_core.c.obj)
                0x00000000200000e0                log_process_thread_sem
                0x00000000200000f0                _k_sem_list_end = .

k_event_area    0x00000000200000f0        0x0 load address 0x00000000000071d8
                0x00000000200000f0                _k_event_list_start = .
 *(SORT_BY_NAME(SORT_BY_ALIGNMENT(._k_event.static.*)))
                0x00000000200000f0                _k_event_list_end = .

k_queue_area    0x00000000200000f0        0x0 load address 0x00000000000071d8
                0x00000000200000f0                _k_queue_list_start = .
 *(SORT_BY_NAME(SORT_BY_ALIGNMENT(._k_queue.static.*)))
                0x00000000200000f0                _k_queue_list_end = .

k_condvar_area  0x00000000200000f0        0x0 load address 0x00000000000071d8
                0x00000000200000f0                _k_condvar_list_start = .
 *(SORT_BY_NAME(SORT_BY_ALIGNMENT(._k_condvar.static.*)))
                0x00000000200000f0                _k_condvar_list_end = .

_net_buf_pool_area
                0x00000000200000f0        0x0 load address 0x00000000000071d8
                0x00000000200000f0                _net_buf_pool_list = .
 *(SORT_BY_NAME(SORT_BY_ALIGNMENT(._net_buf_pool.static.*)))
                0x00000000200000f0                __data_region_end = .

bss             0x00000000200000f0      0xc36
                0x00000000200000f0                . = ALIGN (0x4)
                0x00000000200000f0                __bss_start = .
                0x00000000200000f0                __kernel_ram_start = .
 *(SORT_BY_ALIGNMENT(.bss))
 *(SORT_BY_ALIGNMENT(.bss.*))
 .bss.buf32     0x00000000200000f0      0x400 zephyr/libzephyr.a(log_core.c.obj)
 .bss.log_process_thread_timer
                0x00000000200004f0       0x38 zephyr/libzephyr.a(log_core.c.obj)
 .bss.logging_thread
                0x0000000020000528       0x80 zephyr/libzephyr.a(log_core.c.obj)
                0x0000000020000528                logging_thread
 .bss.anchor    0x00000000200005a8        0x8 zephyr/drivers/timer/libdrivers__timer.a(nrf_rtc_timer.c.obj)
 .bss.cc_data   0x00000000200005b0       0x10 zephyr/drivers/timer/libdrivers__timer.a(nrf_rtc_timer.c.obj)
 .bss.last_count
                0x00000000200005c0        0x8 zephyr/drivers/timer/libdrivers__timer.a(nrf_rtc_timer.c.obj)
 .bss.z_idle_threads
                0x00000000200005c8       0x80 zephyr/kernel/libkernel.a(init.c.obj)
                0x00000000200005c8                z_idle_threads
 .bss.z_main_thread
                0x0000000020000648       0x80 zephyr/kernel/libkernel.a(init.c.obj)
                0x0000000020000648                z_main_thread
 .bss.curr_tick
                0x00000000200006c8        0x8 zephyr/kernel/libkernel.a(timeout.c.obj)
 .bss.button_cb_data
                0x00000000200006d0        0xc app/libapp.a(main.c.obj)
 .bss.buffered_cnt
                0x00000000200006dc        0x4 zephyr/libzephyr.a(log_core.c.obj)
 .bss.dropped_cnt
                0x00000000200006e0        0x4 zephyr/libzephyr.a(log_core.c.obj)
 .bss.initialized
                0x00000000200006e4        0x4 zephyr/libzephyr.a(log_core.c.obj)
 .bss.log_buffer
                0x00000000200006e8       0x38 zephyr/libzephyr.a(log_core.c.obj)
                0x00000000200006e8                log_buffer
 .bss.proc_tid  0x0000000020000720        0x4 zephyr/libzephyr.a(log_core.c.obj)
 .bss.freq      0x0000000020000724        0x4 zephyr/libzephyr.a(log_output.c.obj)
 .bss.timestamp_div
                0x0000000020000728        0x4 zephyr/libzephyr.a(log_output.c.obj)
 .bss.backend_cb_log_backend_rtt
                0x000000002000072c        0x8 zephyr/libzephyr.a(log_backend_rtt.c.obj)
 .bss.log_format_current
                0x0000000020000734        0x4 zephyr/libzephyr.a(log_backend_rtt.c.obj)
 .bss.log_output_rtt_control_block
                0x0000000020000738        0xc zephyr/libzephyr.a(log_backend_rtt.c.obj)
 .bss.pm_notifiers
                0x0000000020000744        0x8 zephyr/libzephyr.a(pm.c.obj)
 .bss.z_cpus_pm_state
                0x000000002000074c        0xc zephyr/libzephyr.a(pm.c.obj)
 .bss.z_cpus_pm_state_forced
                0x0000000020000758        0x4 zephyr/libzephyr.a(pm.c.obj)
 .bss.z_post_ops_required
                0x000000002000075c        0x4 zephyr/libzephyr.a(pm.c.obj)
 .bss.state_lock_cnt
                0x0000000020000760       0x1c zephyr/libzephyr.a(policy.c.obj)
 .bss.dynamic_regions.0
                0x000000002000077c        0xc zephyr/arch/arch/arm/core/aarch32/mpu/libarch__arm__core__aarch32__mpu.a(arm_core_mpu.c.obj)
 .bss.cli.1     0x0000000020000788       0x10 zephyr/drivers/clock_control/libdrivers__clock_control.a(clock_control_nrf.c.obj)
 .bss.data      0x0000000020000798       0x50 zephyr/drivers/clock_control/libdrivers__clock_control.a(clock_control_nrf.c.obj)
 .bss.hfclk_users
                0x00000000200007e8        0x4 zephyr/drivers/clock_control/libdrivers__clock_control.a(clock_control_nrf.c.obj)
 .bss.on.2      0x00000000200007ec        0x4 zephyr/drivers/clock_control/libdrivers__clock_control.a(clock_control_nrf.c.obj)
 .bss.uart_console_dev
                0x00000000200007f0        0x4 zephyr/drivers/console/libdrivers__console.a(uart_console.c.obj)
 .bss.gpio_nrfx_p0_data